Archive member included to satisfy reference by file (symbol)

d:/nxp/mcuxpressoide_11.5.0_7232/ide/plugins/com.nxp.mcuxpresso.tools.win32_11.5.0.202107051138/tools/bin/../lib/gcc/arm-none-eabi/10.3.1/../../../../arm-none-eabi/lib/thumb/v6-m/nofp\libcr_nohost_nf.a(_cr__main.o)
                              ./startup/startup_mkl43z4.o (__main)
d:/nxp/mcuxpressoide_11.5.0_7232/ide/plugins/com.nxp.mcuxpresso.tools.win32_11.5.0.202107051138/tools/bin/../lib/gcc/arm-none-eabi/10.3.1/../../../../arm-none-eabi/lib/thumb/v6-m/nofp\libcr_nohost_nf.a(_cr_assert.o)
                              ./utilities/fsl_debug_console.o (__assertion_failed)
d:/nxp/mcuxpressoide_11.5.0_7232/ide/plugins/com.nxp.mcuxpresso.tools.win32_11.5.0.202107051138/tools/bin/../lib/gcc/arm-none-eabi/10.3.1/../../../../arm-none-eabi/lib/thumb/v6-m/nofp\libcr_nohost_nf.a(__ciob.o)
                              d:/nxp/mcuxpressoide_11.5.0_7232/ide/plugins/com.nxp.mcuxpresso.tools.win32_11.5.0.202107051138/tools/bin/../lib/gcc/arm-none-eabi/10.3.1/../../../../arm-none-eabi/lib/thumb/v6-m/nofp\libcr_nohost_nf.a(_cr_assert.o) (__Ciob)
d:/nxp/mcuxpressoide_11.5.0_7232/ide/plugins/com.nxp.mcuxpresso.tools.win32_11.5.0.202107051138/tools/bin/../lib/gcc/arm-none-eabi/10.3.1/../../../../arm-none-eabi/lib/thumb/v6-m/nofp\libcr_nohost_nf.a(__sys_appexit.o)
                              d:/nxp/mcuxpressoide_11.5.0_7232/ide/plugins/com.nxp.mcuxpresso.tools.win32_11.5.0.202107051138/tools/bin/../lib/gcc/arm-none-eabi/10.3.1/../../../../arm-none-eabi/lib/thumb/v6-m/nofp\libcr_nohost_nf.a(_cr_assert.o) (__sys_appexit)
d:/nxp/mcuxpressoide_11.5.0_7232/ide/plugins/com.nxp.mcuxpresso.tools.win32_11.5.0.202107051138/tools/bin/../lib/gcc/arm-none-eabi/10.3.1/../../../../arm-none-eabi/lib/thumb/v6-m/nofp\libcr_c.a(memcpy.o)
                              ./utilities/fsl_str.o (memcpy)
d:/nxp/mcuxpressoide_11.5.0_7232/ide/plugins/com.nxp.mcuxpresso.tools.win32_11.5.0.202107051138/tools/bin/../lib/gcc/arm-none-eabi/10.3.1/../../../../arm-none-eabi/lib/thumb/v6-m/nofp\libcr_c.a(memset.o)
                              ./utilities/fsl_debug_console.o (memset)
d:/nxp/mcuxpressoide_11.5.0_7232/ide/plugins/com.nxp.mcuxpresso.tools.win32_11.5.0.202107051138/tools/bin/../lib/gcc/arm-none-eabi/10.3.1/../../../../arm-none-eabi/lib/thumb/v6-m/nofp\libcr_c.a(_deferredlazyseek.o)
                              d:/nxp/mcuxpressoide_11.5.0_7232/ide/plugins/com.nxp.mcuxpresso.tools.win32_11.5.0.202107051138/tools/bin/../lib/gcc/arm-none-eabi/10.3.1/../../../../arm-none-eabi/lib/thumb/v6-m/nofp\libcr_nohost_nf.a(_cr_assert.o) (__flsbuf)
d:/nxp/mcuxpressoide_11.5.0_7232/ide/plugins/com.nxp.mcuxpresso.tools.win32_11.5.0.202107051138/tools/bin/../lib/gcc/arm-none-eabi/10.3.1/../../../../arm-none-eabi/lib/thumb/v6-m/nofp\libcr_c.a(_fflush.o)
                              d:/nxp/mcuxpressoide_11.5.0_7232/ide/plugins/com.nxp.mcuxpresso.tools.win32_11.5.0.202107051138/tools/bin/../lib/gcc/arm-none-eabi/10.3.1/../../../../arm-none-eabi/lib/thumb/v6-m/nofp\libcr_c.a(_deferredlazyseek.o) (_fflush)
d:/nxp/mcuxpressoide_11.5.0_7232/ide/plugins/com.nxp.mcuxpresso.tools.win32_11.5.0.202107051138/tools/bin/../lib/gcc/arm-none-eabi/10.3.1/../../../../arm-none-eabi/lib/thumb/v6-m/nofp\libcr_c.a(_writebuf.o)
                              d:/nxp/mcuxpressoide_11.5.0_7232/ide/plugins/com.nxp.mcuxpresso.tools.win32_11.5.0.202107051138/tools/bin/../lib/gcc/arm-none-eabi/10.3.1/../../../../arm-none-eabi/lib/thumb/v6-m/nofp\libcr_c.a(_deferredlazyseek.o) (_Cwritebuf)
d:/nxp/mcuxpressoide_11.5.0_7232/ide/plugins/com.nxp.mcuxpresso.tools.win32_11.5.0.202107051138/tools/bin/../lib/gcc/arm-none-eabi/10.3.1/../../../../arm-none-eabi/lib/thumb/v6-m/nofp\libcr_c.a(alloc.o)
                              ./drivers/fsl_common.o (malloc)
d:/nxp/mcuxpressoide_11.5.0_7232/ide/plugins/com.nxp.mcuxpresso.tools.win32_11.5.0.202107051138/tools/bin/../lib/gcc/arm-none-eabi/10.3.1/../../../../arm-none-eabi/lib/thumb/v6-m/nofp\libcr_c.a(fputs.o)
                              d:/nxp/mcuxpressoide_11.5.0_7232/ide/plugins/com.nxp.mcuxpresso.tools.win32_11.5.0.202107051138/tools/bin/../lib/gcc/arm-none-eabi/10.3.1/../../../../arm-none-eabi/lib/thumb/v6-m/nofp\libcr_nohost_nf.a(_cr_assert.o) (fputs)
d:/nxp/mcuxpressoide_11.5.0_7232/ide/plugins/com.nxp.mcuxpresso.tools.win32_11.5.0.202107051138/tools/bin/../lib/gcc/arm-none-eabi/10.3.1/../../../../arm-none-eabi/lib/thumb/v6-m/nofp\libcr_c.a(fseek.o)
                              d:/nxp/mcuxpressoide_11.5.0_7232/ide/plugins/com.nxp.mcuxpresso.tools.win32_11.5.0.202107051138/tools/bin/../lib/gcc/arm-none-eabi/10.3.1/../../../../arm-none-eabi/lib/thumb/v6-m/nofp\libcr_c.a(_deferredlazyseek.o) (fseek)
d:/nxp/mcuxpressoide_11.5.0_7232/ide/plugins/com.nxp.mcuxpresso.tools.win32_11.5.0.202107051138/tools/bin/../lib/gcc/arm-none-eabi/10.3.1/../../../../arm-none-eabi/lib/thumb/v6-m/nofp\libcr_c.a(ftell.o)
[...]
Memory Configuration

Name             Origin             Length             Attributes
PROGRAM_FLASH    0x00000000         0x00040000         xr
SRAM             0x1fffe000         0x00008000         xrw
*default*        0x00000000         0xffffffff

Linker script and memory map

LOAD ./utilities/fsl_debug_console.o
LOAD ./utilities/fsl_str.o
LOAD ./startup/startup_mkl43z4.o
LOAD ./source/MEF.o
LOAD ./source/TP3_FINAL_KL43.o
LOAD ./source/mtb.o
LOAD ./source/semihost_hardfault.o
LOAD ./drivers/fsl_clock.o
LOAD ./drivers/fsl_common.o
LOAD ./drivers/fsl_gpio.o
LOAD ./drivers/fsl_lpuart.o
LOAD ./drivers/fsl_smc.o
LOAD ./device/system_MKL43Z4.o
LOAD ./component/uart/lpuart_adapter.o
LOAD ./component/serial_manager/serial_manager.o
LOAD ./component/serial_manager/serial_port_uart.o
LOAD ./component/lists/generic_list.o
LOAD ./board/IA_board_KL43.o
LOAD ./board/board.o
LOAD ./board/clock_config.o
LOAD ./board/peripherals.o
LOAD ./board/pin_mux.o
START GROUP
LOAD d:/nxp/mcuxpressoide_11.5.0_7232/ide/plugins/com.nxp.mcuxpresso.tools.win32_11.5.0.202107051138/tools/bin/../lib/gcc/arm-none-eabi/10.3.1/../../../../arm-none-eabi/lib/thumb/v6-m/nofp\libcr_nohost_nf.a
LOAD d:/nxp/mcuxpressoide_11.5.0_7232/ide/plugins/com.nxp.mcuxpresso.tools.win32_11.5.0.202107051138/tools/bin/../lib/gcc/arm-none-eabi/10.3.1/../../../../arm-none-eabi/lib/thumb/v6-m/nofp\libcr_c.a
LOAD d:/nxp/mcuxpressoide_11.5.0_7232/ide/plugins/com.nxp.mcuxpresso.tools.win32_11.5.0.202107051138/tools/bin/../lib/gcc/arm-none-eabi/10.3.1/thumb/v6-m/nofp\libcr_eabihelpers.a
LOAD d:/nxp/mcuxpressoide_11.5.0_7232/ide/plugins/com.nxp.mcuxpresso.tools.win32_11.5.0.202107051138/tools/bin/../lib/gcc/arm-none-eabi/10.3.1/thumb/v6-m/nofp\libgcc.a
END GROUP
                0x00000000                __base_PROGRAM_FLASH = 0x0
                0x00000000                __base_Flash = 0x0
                0x00040000                __top_PROGRAM_FLASH = 0x40000
                0x00040000                __top_Flash = 0x40000
                0x1fffe000                __base_SRAM = 0x1fffe000
                0x1fffe000                __base_RAM = 0x1fffe000
                0x20006000                __top_SRAM = 0x20006000
                0x20006000                __top_RAM = 0x20006000

.text           0x00000000     0x28f0
 FILL mask 0xff
                0x00000000                __vectors_start__ = ABSOLUTE (.)
 *(SORT_BY_ALIGNMENT(.isr_vector))
 .isr_vector    0x00000000       0xc0 ./startup/startup_mkl43z4.o
                0x00000000                g_pfnVectors
                0x00000000                __Vectors
                0x000000c0                . = ALIGN (0x4)
                0x000000c0                __section_table_start = .
                0x000000c0                __data_section_table = .
                0x000000c0        0x4 LONG 0x28f0 LOADADDR (.data)
                0x000000c4        0x4 LONG 0x1fffe080 ADDR (.data)
                0x000000c8        0x4 LONG 0x4 SIZEOF (.data)
                0x000000cc                __data_section_table_end = .
                0x000000cc                __bss_section_table = .
                0x000000cc        0x4 LONG 0x1fffe084 ADDR (.bss)
                0x000000d0        0x4 LONG 0x104 SIZEOF (.bss)
                0x000000d4                __bss_section_table_end = .
                0x000000d4                __section_table_end = .
 *(SORT_BY_ALIGNMENT(.after_vectors*))
 .after_vectors.reset
                0x000000d4       0x4c ./startup/startup_mkl43z4.o
                0x000000d4                ResetISR
 .after_vectors.init_data
                0x00000120       0x12 ./startup/startup_mkl43z4.o
                0x00000120                data_init
 .after_vectors.init_bss
                0x00000132       0x10 ./startup/startup_mkl43z4.o
                0x00000132                bss_init
 .after_vectors
                0x00000142      0x10c ./startup/startup_mkl43z4.o
                0x00000142                NMI_Handler
                0x00000146                SVC_Handler
                0x00000148                PendSV_Handler
                0x0000014a                SysTick_Handler
                0x0000014c                PIT_DriverIRQHandler
                0x0000014c                LPTMR0_DriverIRQHandler
                0x0000014c                Reserved42_DriverIRQHandler
                0x0000014c                PORTC_PORTD_DriverIRQHandler
                0x0000014c                DMA0_DriverIRQHandler
                0x0000014c                I2C0_DriverIRQHandler
                0x0000014c                SPI1_DriverIRQHandler
                0x0000014c                Reserved43_DriverIRQHandler
                0x0000014c                DMA2_DriverIRQHandler
                0x0000014c                I2S0_DriverIRQHandler
                0x0000014c                CMP0_DriverIRQHandler
                0x0000014c                TPM2_DriverIRQHandler
                0x0000014c                ADC0_DriverIRQHandler
                0x0000014c                SPI0_DriverIRQHandler
                0x0000014c                I2C1_DriverIRQHandler
                0x0000014c                RTC_Seconds_DriverIRQHandler
                0x0000014c                LLWU_DriverIRQHandler
                0x0000014c                DMA1_DriverIRQHandler
                0x0000014c                PMC_DriverIRQHandler
                0x0000014c                LCD_DriverIRQHandler
                0x0000014c                FTFA_DriverIRQHandler
                0x0000014c                IntDefaultHandler
                0x0000014c                USB0_DriverIRQHandler
                0x0000014c                DAC0_DriverIRQHandler
                0x0000014c                TPM0_DriverIRQHandler
                0x0000014c                RTC_DriverIRQHandler
                0x0000014c                TPM1_DriverIRQHandler
                0x0000014c                PORTA_DriverIRQHandler
                0x0000014c                UART2_FLEXIO_DriverIRQHandler
                0x0000014c                Reserved20_DriverIRQHandler
                0x0000014c                DMA3_DriverIRQHandler
                0x0000014e                DMA0_IRQHandler
                0x00000156                DMA1_IRQHandler
                0x0000015e                DMA2_IRQHandler
                0x00000166                DMA3_IRQHandler
                0x0000016e                Reserved20_IRQHandler
                0x00000176                FTFA_IRQHandler
                0x0000017e                PMC_IRQHandler
                0x00000186                LLWU_IRQHandler
                0x0000018e                I2C0_IRQHandler
                0x00000196                I2C1_IRQHandler
                0x0000019e                SPI0_IRQHandler
                0x000001a6                SPI1_IRQHandler
                0x000001ae                LPUART0_IRQHandler
                0x000001b6                LPUART1_IRQHandler
                0x000001be                UART2_FLEXIO_IRQHandler
                0x000001c6                ADC0_IRQHandler
                0x000001ce                CMP0_IRQHandler
                0x000001d6                TPM0_IRQHandler
                0x000001de                TPM1_IRQHandler
                0x000001e6                TPM2_IRQHandler
                0x000001ee                RTC_IRQHandler
                0x000001f6                RTC_Seconds_IRQHandler
                0x000001fe                PIT_IRQHandler
                0x00000206                I2S0_IRQHandler
                0x0000020e                USB0_IRQHandler
                0x00000216                DAC0_IRQHandler
                0x0000021e                Reserved42_IRQHandler
                0x00000226                Reserved43_IRQHandler
                0x0000022e                LPTMR0_IRQHandler
                0x00000236                LCD_IRQHandler
                0x0000023e                PORTA_IRQHandler
                0x00000246                PORTC_PORTD_IRQHandler
                0x00000400                . = 0x400
 *fill*         0x0000024e      0x1b2 ff
                0x00000400                PROVIDE (__FLASH_CONFIG_START__ = .)
 *(SORT_BY_ALIGNMENT(.FlashConfig))
 .FlashConfig   0x00000400       0x10 ./startup/startup_mkl43z4.o
                0x00000400                Flash_Config
                0x00000410                PROVIDE (__FLASH_CONFIG_END__ = .)
                0x00000001                ASSERT (! ((__FLASH_CONFIG_START__ == __FLASH_CONFIG_END__)), Linker Flash Config Support Enabled, but no .FlashConfig section provided within application)
 *(SORT_BY_ALIGNMENT(.text*))
 .text.DbgConsole_Init
                0x00000410      0x178 ./utilities/fsl_debug_console.o
                0x00000410                DbgConsole_Init
 .text.mef      0x00000588      0x1e4 ./source/MEF.o
                0x00000588                mef
 .text.HardFault_Handler
                0x0000076c       0x30 ./source/semihost_hardfault.o
                0x0000076c                HardFault_Handler
 .text.CLOCK_EnableClock
                0x0000079c       0x34 ./drivers/fsl_clock.o
 .text.CLOCK_DisableClock
                0x000007d0       0x38 ./drivers/fsl_clock.o
 .text.CLOCK_SetEr32kClock
                0x00000808       0x34 ./drivers/fsl_clock.o
 .text.CLOCK_GetLircClkFreq
                0x0000083c       0x50 ./drivers/fsl_clock.o
 .text.CLOCK_GetOscRangeFromFreq
                0x0000088c       0x4c ./drivers/fsl_clock.o
 .text.CLOCK_GetOsc0ErClkFreq
                0x000008d8       0x44 ./drivers/fsl_clock.o
                0x000008d8                CLOCK_GetOsc0ErClkFreq
 .text.CLOCK_GetEr32kClkFreq
                0x0000091c       0x78 ./drivers/fsl_clock.o
                0x0000091c                CLOCK_GetEr32kClkFreq
 .text.CLOCK_GetFreq
                0x00000994       0xc0 ./drivers/fsl_clock.o
                0x00000994                CLOCK_GetFreq
 .text.CLOCK_SetSimConfig
                0x00000a54       0x2c ./drivers/fsl_clock.o
                0x00000a54                CLOCK_SetSimConfig
 .text.CLOCK_EnableUsbfs0Clock
                0x00000a80       0x9c ./drivers/fsl_clock.o
                0x00000a80                CLOCK_EnableUsbfs0Clock
 .text.CLOCK_GetInternalRefClkFreq
                0x00000b1c       0x48 ./drivers/fsl_clock.o
                0x00000b1c                CLOCK_GetInternalRefClkFreq
 .text.CLOCK_GetPeriphClkFreq
                0x00000b64       0x3c ./drivers/fsl_clock.o
                0x00000b64                CLOCK_GetPeriphClkFreq
 .text.CLOCK_GetOutClkFreq
                0x00000ba0       0x7c ./drivers/fsl_clock.o
                0x00000ba0                CLOCK_GetOutClkFreq
 .text.CLOCK_SetMcgliteConfig
                0x00000c1c      0x110 ./drivers/fsl_clock.o
                0x00000c1c                CLOCK_SetMcgliteConfig
 .text.CLOCK_InitOsc0
                0x00000d2c       0x94 ./drivers/fsl_clock.o
                0x00000d2c                CLOCK_InitOsc0
 .text.CLOCK_EnableClock
                0x00000dc0       0x34 ./drivers/fsl_lpuart.o
 .text.LPUART_GetInstance
                0x00000df4       0x4c ./drivers/fsl_lpuart.o
                0x00000df4                LPUART_GetInstance
 .text.LPUART_Init
                0x00000e40      0x2bc ./drivers/fsl_lpuart.o
                0x00000e40                LPUART_Init
 .text.LPUART_GetDefaultConfig
                0x000010fc       0x68 ./drivers/fsl_lpuart.o
                0x000010fc                LPUART_GetDefaultConfig
 .text.LPUART0_DriverIRQHandler
                0x00001164       0x24 ./drivers/fsl_lpuart.o
                0x00001164                LPUART0_DriverIRQHandler
 .text.LPUART1_DriverIRQHandler
                0x00001188       0x24 ./drivers/fsl_lpuart.o
                0x00001188                LPUART1_DriverIRQHandler
 .text.SystemInit
                0x000011ac       0x40 ./device/system_MKL43Z4.o
                0x000011ac                SystemInit
 .text.HAL_UartGetStatus
                0x000011ec       0x20 ./component/uart/lpuart_adapter.o
 .text.HAL_UartInit
                0x0000120c      0x11c ./component/uart/lpuart_adapter.o
                0x0000120c                HAL_UartInit
 .text.SerialManager_Init
                0x00001328       0x88 ./component/serial_manager/serial_manager.o
                0x00001328                SerialManager_Init
 .text.SerialManager_OpenWriteHandle
                0x000013b0       0x6c ./component/serial_manager/serial_manager.o
                0x000013b0                SerialManager_OpenWriteHandle
 .text.SerialManager_OpenReadHandle
                0x0000141c       0x80 ./component/serial_manager/serial_manager.o
                0x0000141c                SerialManager_OpenReadHandle
 .text.Serial_UartInit
                0x0000149c       0x94 ./component/serial_manager/serial_port_uart.o
                0x0000149c                Serial_UartInit
 .text.ledRojo_init
                0x00001530       0x50 ./board/IA_board_KL43.o
                0x00001530                ledRojo_init
 .text.ledVerde_init
                0x00001580       0x4c ./board/IA_board_KL43.o
                0x00001580                ledVerde_init
 .text.pulsadorSw1_init
                0x000015cc       0x54 ./board/IA_board_KL43.o
                0x000015cc                pulsadorSw1_init
 .text.pulsadorSw1_get
                0x00001620       0x20 ./board/IA_board_KL43.o
                0x00001620                pulsadorSw1_get
 .text.CLOCK_SetLpuart0Clock
                0x00001640       0x38 ./board/board.o
 .text.CLOCK_SetLpuart0Clock
                0x00001678       0x38 ./board/clock_config.o
 .text.CLOCK_SetLpuart1Clock
                0x000016b0       0x38 ./board/clock_config.o
 .text.CLOCK_SetTpmClock
                0x000016e8       0x38 ./board/clock_config.o
 .text.CLOCK_SetFlexio0Clock
                0x00001720       0x38 ./board/clock_config.o
 .text.CLOCK_SetClkOutClock
                0x00001758       0x34 ./board/clock_config.o
 .text.CLOCK_SetRtcClkOutClock
                0x0000178c       0x34 ./board/clock_config.o
 .text.CLOCK_SetSimSafeDivs
                0x000017c0       0x20 ./board/clock_config.o
 .text.CLOCK_SetXtal0Freq
                0x000017e0       0x1c ./board/clock_config.o
 .text.BOARD_BootClockRUN
                0x000017fc       0x7c ./board/clock_config.o
                0x000017fc                BOARD_BootClockRUN
 .text.CLOCK_EnableClock
                0x00001878       0x34 ./board/pin_mux.o
 .text.PORT_SetPinConfig
                0x000018ac       0x38 ./board/pin_mux.o
 .text.BOARD_InitDEBUG_UARTPins
                0x000018e4       0x7c ./board/pin_mux.o
                0x000018e4                BOARD_InitDEBUG_UARTPins
 .text.__assertion_failed
                0x00001960       0x4c d:/nxp/mcuxpressoide_11.5.0_7232/ide/plugins/com.nxp.mcuxpresso.tools.win32_11.5.0.202107051138/tools/bin/../lib/gcc/arm-none-eabi/10.3.1/../../../../arm-none-eabi/lib/thumb/v6-m/nofp\libcr_nohost_nf.a(_cr_assert.o)
                0x00001960                __assertion_failed
 .text._deferredlazyseek
                0x000019ac       0x40 d:/nxp/mcuxpressoide_11.5.0_7232/ide/plugins/com.nxp.mcuxpresso.tools.win32_11.5.0.202107051138/tools/bin/../lib/gcc/arm-none-eabi/10.3.1/../../../../arm-none-eabi/lib/thumb/v6-m/nofp\libcr_c.a(_deferredlazyseek.o)
                0x000019ac                _deferredlazyseek
 .text.__flsbuf
                0x000019ec      0x150 d:/nxp/mcuxpressoide_11.5.0_7232/ide/plugins/com.nxp.mcuxpresso.tools.win32_11.5.0.202107051138/tools/bin/../lib/gcc/arm-none-eabi/10.3.1/../../../../arm-none-eabi/lib/thumb/v6-m/nofp\libcr_c.a(_deferredlazyseek.o)
                0x000019ec                __flsbuf
 .text._fflush  0x00001b3c       0x60 d:/nxp/mcuxpressoide_11.5.0_7232/ide/plugins/com.nxp.mcuxpresso.tools.win32_11.5.0.202107051138/tools/bin/../lib/gcc/arm-none-eabi/10.3.1/../../../../arm-none-eabi/lib/thumb/v6-m/nofp\libcr_c.a(_fflush.o)
                0x00001b3c                _fflush
 .text._Cwritebuf
                0x00001b9c       0x68 d:/nxp/mcuxpressoide_11.5.0_7232/ide/plugins/com.nxp.mcuxpresso.tools.win32_11.5.0.202107051138/tools/bin/../lib/gcc/arm-none-eabi/10.3.1/../../../../arm-none-eabi/lib/thumb/v6-m/nofp\libcr_c.a(_writebuf.o)
                0x00001b9c                _Cwritebuf
 .text.malloc   0x00001c04       0xcc d:/nxp/mcuxpressoide_11.5.0_7232/ide/plugins/com.nxp.mcuxpresso.tools.win32_11.5.0.202107051138/tools/bin/../lib/gcc/arm-none-eabi/10.3.1/../../../../arm-none-eabi/lib/thumb/v6-m/nofp\libcr_c.a(alloc.o)
                0x00001c04                malloc
 .text._Csys_alloc
                0x00001cd0       0x20 d:/nxp/mcuxpressoide_11.5.0_7232/ide/plugins/com.nxp.mcuxpresso.tools.win32_11.5.0.202107051138/tools/bin/../lib/gcc/arm-none-eabi/10.3.1/../../../../arm-none-eabi/lib/thumb/v6-m/nofp\libcr_c.a(alloc.o)
                0x00001cd0                _Csys_alloc
 .text.fseek    0x00001cf0       0xf0 d:/nxp/mcuxpressoide_11.5.0_7232/ide/plugins/com.nxp.mcuxpresso.tools.win32_11.5.0.202107051138/tools/bin/../lib/gcc/arm-none-eabi/10.3.1/../../../../arm-none-eabi/lib/thumb/v6-m/nofp\libcr_c.a(fseek.o)
                0x00001cf0                fseek
 .text.ftell    0x00001de0       0x48 d:/nxp/mcuxpressoide_11.5.0_7232/ide/plugins/com.nxp.mcuxpresso.tools.win32_11.5.0.202107051138/tools/bin/../lib/gcc/arm-none-eabi/10.3.1/../../../../arm-none-eabi/lib/thumb/v6-m/nofp\libcr_c.a(ftell.o)
                0x00001de0                ftell
 .text._initio  0x00001e28       0x7c d:/nxp/mcuxpressoide_11.5.0_7232/ide/plugins/com.nxp.mcuxpresso.tools.win32_11.5.0.202107051138/tools/bin/../lib/gcc/arm-none-eabi/10.3.1/../../../../arm-none-eabi/lib/thumb/v6-m/nofp\libcr_c.a(initio.o)
                0x00001e28                _initio
 .text.setvbuf  0x00001ea4       0x4c d:/nxp/mcuxpressoide_11.5.0_7232/ide/plugins/com.nxp.mcuxpresso.tools.win32_11.5.0.202107051138/tools/bin/../lib/gcc/arm-none-eabi/10.3.1/../../../../arm-none-eabi/lib/thumb/v6-m/nofp\libcr_c.a(setvbuf.o)
                0x00001ea4                setvbuf
 .text.strlen   0x00001ef0       0x58 d:/nxp/mcuxpressoide_11.5.0_7232/ide/plugins/com.nxp.mcuxpresso.tools.win32_11.5.0.202107051138/tools/bin/../lib/gcc/arm-none-eabi/10.3.1/../../../../arm-none-eabi/lib/thumb/v6-m/nofp\libcr_c.a(strlen.o)
                0x00001ef0                strlen
 .text._sbrk    0x00001f48       0x44 d:/nxp/mcuxpressoide_11.5.0_7232/ide/plugins/com.nxp.mcuxpresso.tools.win32_11.5.0.202107051138/tools/bin/../lib/gcc/arm-none-eabi/10.3.1/../../../../arm-none-eabi/lib/thumb/v6-m/nofp\libcr_c.a(_cr_sbrk.o)
                0x00001f48                _sbrk
 .text._fdopen  0x00001f8c       0x74 d:/nxp/mcuxpressoide_11.5.0_7232/ide/plugins/com.nxp.mcuxpresso.tools.win32_11.5.0.202107051138/tools/bin/../lib/gcc/arm-none-eabi/10.3.1/../../../../arm-none-eabi/lib/thumb/v6-m/nofp\libcr_c.a(_fdopen.o)
                0x00001f8c                _fdopen
 .text.fclose   0x00002000       0x5c d:/nxp/mcuxpressoide_11.5.0_7232/ide/plugins/com.nxp.mcuxpresso.tools.win32_11.5.0.202107051138/tools/bin/../lib/gcc/arm-none-eabi/10.3.1/../../../../arm-none-eabi/lib/thumb/v6-m/nofp\libcr_c.a(fclose.o)
                0x00002000                fclose
 .text.fflush   0x0000205c       0x44 d:/nxp/mcuxpressoide_11.5.0_7232/ide/plugins/com.nxp.mcuxpresso.tools.win32_11.5.0.202107051138/tools/bin/../lib/gcc/arm-none-eabi/10.3.1/../../../../arm-none-eabi/lib/thumb/v6-m/nofp\libcr_c.a(fflush.o)
                0x0000205c                fflush
 .text.__check_heap_overflow
                0x000020a0       0x18 d:/nxp/mcuxpressoide_11.5.0_7232/ide/plugins/com.nxp.mcuxpresso.tools.win32_11.5.0.202107051138/tools/bin/../lib/gcc/arm-none-eabi/10.3.1/../../../../arm-none-eabi/lib/thumb/v6-m/nofp\libcr_c.a(_cr_check_heap.o)
                0x000020a0                __check_heap_overflow
 .text._do_fflush
                0x000020b8       0x48 d:/nxp/mcuxpressoide_11.5.0_7232/ide/plugins/com.nxp.mcuxpresso.tools.win32_11.5.0.202107051138/tools/bin/../lib/gcc/arm-none-eabi/10.3.1/../../../../arm-none-eabi/lib/thumb/v6-m/nofp\libcr_c.a(_do_fflush.o)
                0x000020b8                _do_fflush
 .text.main     0x00002100       0x1a ./source/TP3_FINAL_KL43.o
                0x00002100                main
 .text.OSC_SetExtRefClkConfig
                0x0000211a       0x3e ./drivers/fsl_clock.o
 .text.OSC_SetCapLoad
                0x00002158       0x42 ./drivers/fsl_clock.o
 .text.SystemInitHook
                0x0000219a        0xa ./device/system_MKL43Z4.o
                0x0000219a                SystemInitHook
 .text.DisableGlobalIRQ
                0x000021a4       0x1e ./component/serial_manager/serial_manager.o
 .text.EnableGlobalIRQ
                0x000021c2       0x1c ./component/serial_manager/serial_manager.o
 .text.board_init
                0x000021de       0x1a ./board/IA_board_KL43.o
                0x000021de                board_init
 .text.BOARD_InitDebugConsole
                0x000021f8       0x2c ./board/board.o
                0x000021f8                BOARD_InitDebugConsole
 .text.BOARD_InitBootClocks
                0x00002224        0xe ./board/clock_config.o
                0x00002224                BOARD_InitBootClocks
 .text.BOARD_InitBootPeripherals
                0x00002232        0xa ./board/peripherals.o
                0x00002232                BOARD_InitBootPeripherals
 .text.BOARD_InitBootPins
                0x0000223c       0x12 ./board/pin_mux.o
                0x0000223c                BOARD_InitBootPins
 .text.BOARD_InitPins
                0x0000224e        0xa ./board/pin_mux.o
                0x0000224e                BOARD_InitPins
 .text.__main   0x00002258        0xc d:/nxp/mcuxpressoide_11.5.0_7232/ide/plugins/com.nxp.mcuxpresso.tools.win32_11.5.0.202107051138/tools/bin/../lib/gcc/arm-none-eabi/10.3.1/../../../../arm-none-eabi/lib/thumb/v6-m/nofp\libcr_nohost_nf.a(_cr__main.o)
                0x00002258                __main
 .text.__sys_appexit
                0x00002264        0x2 d:/nxp/mcuxpressoide_11.5.0_7232/ide/plugins/com.nxp.mcuxpresso.tools.win32_11.5.0.202107051138/tools/bin/../lib/gcc/arm-none-eabi/10.3.1/../../../../arm-none-eabi/lib/thumb/v6-m/nofp\libcr_nohost_nf.a(__sys_appexit.o)
                0x00002264                __sys_appexit
                0x00002264                __exit
 .text.memset   0x00002266        0x8 d:/nxp/mcuxpressoide_11.5.0_7232/ide/plugins/com.nxp.mcuxpresso.tools.win32_11.5.0.202107051138/tools/bin/../lib/gcc/arm-none-eabi/10.3.1/../../../../arm-none-eabi/lib/thumb/v6-m/nofp\libcr_c.a(memset.o)
                0x00002266                memset
 .text.free     0x0000226e       0x2c d:/nxp/mcuxpressoide_11.5.0_7232/ide/plugins/com.nxp.mcuxpresso.tools.win32_11.5.0.202107051138/tools/bin/../lib/gcc/arm-none-eabi/10.3.1/../../../../arm-none-eabi/lib/thumb/v6-m/nofp\libcr_c.a(alloc.o)
                0x0000226e                free
 .text.fputs    0x0000229a       0x2e d:/nxp/mcuxpressoide_11.5.0_7232/ide/plugins/com.nxp.mcuxpresso.tools.win32_11.5.0.202107051138/tools/bin/../lib/gcc/arm-none-eabi/10.3.1/../../../../arm-none-eabi/lib/thumb/v6-m/nofp\libcr_c.a(fputs.o)
                0x0000229a                fputs
 .text.remove   0x000022c8       0x12 d:/nxp/mcuxpressoide_11.5.0_7232/ide/plugins/com.nxp.mcuxpresso.tools.win32_11.5.0.202107051138/tools/bin/../lib/gcc/arm-none-eabi/10.3.1/../../../../arm-none-eabi/lib/thumb/v6-m/nofp\libcr_c.a(remove.o)
                0x000022c8                remove
 .text.__aeabi_division_idivmod
                0x000022da       0x78 d:/nxp/mcuxpressoide_11.5.0_7232/ide/plugins/com.nxp.mcuxpresso.tools.win32_11.5.0.202107051138/tools/bin/../lib/gcc/arm-none-eabi/10.3.1/thumb/v6-m/nofp\libcr_eabihelpers.a(division_32.o)
                0x000022da                __aeabi_idivmod
                0x000022da                __aeabi_idiv
                0x000022e0                __aeabi_uidivmod
                0x000022e0                __aeabi_uidiv
 .text.__aeabi_division_idiv0
                0x00002352        0x2 d:/nxp/mcuxpressoide_11.5.0_7232/ide/plugins/com.nxp.mcuxpresso.tools.win32_11.5.0.202107051138/tools/bin/../lib/gcc/arm-none-eabi/10.3.1/thumb/v6-m/nofp\libcr_eabihelpers.a(division_idiv0.o)
                0x00002352                __aeabi_idiv0
 .text.__aeabi_memset_lowlevel
                0x00002354       0x2a d:/nxp/mcuxpressoide_11.5.0_7232/ide/plugins/com.nxp.mcuxpresso.tools.win32_11.5.0.202107051138/tools/bin/../lib/gcc/arm-none-eabi/10.3.1/thumb/v6-m/nofp\libcr_eabihelpers.a(memcpy.o)
                0x00002354                __aeabi_lowlevel_memset
 .text.__sys_close
                0x0000237e        0x6 d:/nxp/mcuxpressoide_11.5.0_7232/ide/plugins/com.nxp.mcuxpresso.tools.win32_11.5.0.202107051138/tools/bin/../lib/gcc/arm-none-eabi/10.3.1/../../../../arm-none-eabi/lib/thumb/v6-m/nofp\libcr_nohost_nf.a(__sys_close.o)
                0x0000237e                __sys_close
 .text.__sys_flen
                0x00002384        0x6 d:/nxp/mcuxpressoide_11.5.0_7232/ide/plugins/com.nxp.mcuxpresso.tools.win32_11.5.0.202107051138/tools/bin/../lib/gcc/arm-none-eabi/10.3.1/../../../../arm-none-eabi/lib/thumb/v6-m/nofp\libcr_nohost_nf.a(__sys_flen.o)
                0x00002384                __sys_flen
 .text.__sys_istty
                0x0000238a        0x6 d:/nxp/mcuxpressoide_11.5.0_7232/ide/plugins/com.nxp.mcuxpresso.tools.win32_11.5.0.202107051138/tools/bin/../lib/gcc/arm-none-eabi/10.3.1/../../../../arm-none-eabi/lib/thumb/v6-m/nofp\libcr_nohost_nf.a(__sys_istty.o)
                0x0000238a                __sys_istty
 .text.__sys_remove
                0x00002390        0x6 d:/nxp/mcuxpressoide_11.5.0_7232/ide/plugins/com.nxp.mcuxpresso.tools.win32_11.5.0.202107051138/tools/bin/../lib/gcc/arm-none-eabi/10.3.1/../../../../arm-none-eabi/lib/thumb/v6-m/nofp\libcr_nohost_nf.a(__sys_remove.o)
                0x00002390                __sys_remove
 .text.__sys_seek
                0x00002396        0x6 d:/nxp/mcuxpressoide_11.5.0_7232/ide/plugins/com.nxp.mcuxpresso.tools.win32_11.5.0.202107051138/tools/bin/../lib/gcc/arm-none-eabi/10.3.1/../../../../arm-none-eabi/lib/thumb/v6-m/nofp\libcr_nohost_nf.a(__sys_seek.o)
                0x00002396                __sys_seek
 .text.__sys_tmpnam
                0x0000239c        0x6 d:/nxp/mcuxpressoide_11.5.0_7232/ide/plugins/com.nxp.mcuxpresso.tools.win32_11.5.0.202107051138/tools/bin/../lib/gcc/arm-none-eabi/10.3.1/../../../../arm-none-eabi/lib/thumb/v6-m/nofp\libcr_nohost_nf.a(__sys_tmpnam.o)
                0x0000239c                __sys_tmpnam
 .text.__sys_write
                0x000023a2        0x4 d:/nxp/mcuxpressoide_11.5.0_7232/ide/plugins/com.nxp.mcuxpresso.tools.win32_11.5.0.202107051138/tools/bin/../lib/gcc/arm-none-eabi/10.3.1/../../../../arm-none-eabi/lib/thumb/v6-m/nofp\libcr_nohost_nf.a(__sys_write.o)
                0x000023a2                __sys_write
 *(SORT_BY_ALIGNMENT(.rodata) SORT_BY_ALIGNMENT(.rodata.*) SORT_BY_ALIGNMENT(.constdata) SORT_BY_ALIGNMENT(.constdata.*))
 *fill*         0x000023a6        0x2 ff
 .rodata.DbgConsole_Init.str1.4
                0x000023a8       0xca ./utilities/fsl_debug_console.o
 *fill*         0x00002472        0x2 ff
 .rodata.mef    0x00002474       0x14 ./source/MEF.o
 .rodata.CLOCK_GetOsc0ErClkFreq.str1.4
                0x00002488       0x1e ./drivers/fsl_clock.o
 *fill*         0x000024a6        0x2 ff
 .rodata.CLOCK_GetEr32kClkFreq.str1.4
                0x000024a8       0x1f ./drivers/fsl_clock.o
 *fill*         0x000024c7        0x1 ff
 .rodata.CLOCK_GetFreq
                0x000024c8       0x50 ./drivers/fsl_clock.o
 .rodata.CLOCK_GetOutClkFreq.str1.4
                0x00002518       0x1e ./drivers/fsl_clock.o
 *fill*         0x00002536        0x2 ff
 .rodata.CLOCK_SetMcgliteConfig.str1.4
                0x00002538       0x1f ./drivers/fsl_clock.o
 *fill*         0x00002557        0x1 ff
 .rodata.lircFreqs.0
                0x00002558        0x8 ./drivers/fsl_clock.o
 .rodata.s_lpuartBases
                0x00002560        0x8 ./drivers/fsl_lpuart.o
 .rodata.s_lpuartClock
                0x00002568        0x8 ./drivers/fsl_lpuart.o
 .rodata.LPUART_GetInstance.str1.4
                0x00002570       0x38 ./drivers/fsl_lpuart.o
 .rodata.LPUART_Init.str1.4
                0x000025a8       0x51 ./drivers/fsl_lpuart.o
 *fill*         0x000025f9        0x3 ff
 .rodata.LPUART_GetDefaultConfig.str1.4
                0x000025fc       0x22 ./drivers/fsl_lpuart.o
 *fill*         0x0000261e        0x2 ff
 .rodata.s_LpuartAdapterBase
                0x00002620        0x8 ./component/uart/lpuart_adapter.o
 .rodata.HAL_UartInit.str1.4
                0x00002628       0xdd ./component/uart/lpuart_adapter.o
 *fill*         0x00002705        0x3 ff
 .rodata.SerialManager_Init.str1.4
                0x00002708       0x44 ./component/serial_manager/serial_manager.o
 .rodata.SerialManager_OpenWriteHandle.str1.4
                0x0000274c       0x4c ./component/serial_manager/serial_manager.o
 .rodata.SerialManager_OpenReadHandle.str1.4
                0x00002798       0x4b ./component/serial_manager/serial_manager.o
 *fill*         0x000027e3        0x1 ff
 .rodata.Serial_UartInit.str1.4
                0x000027e4       0x4e ./component/serial_manager/serial_port_uart.o
 *fill*         0x00002832        0x2 ff
 .rodata.mcgliteConfig_BOARD_BootClockRUN
                0x00002834        0x6 ./board/clock_config.o
                0x00002834                mcgliteConfig_BOARD_BootClockRUN
 *fill*         0x0000283a        0x2 ff
 .rodata.simConfig_BOARD_BootClockRUN
                0x0000283c        0x8 ./board/clock_config.o
                0x0000283c                simConfig_BOARD_BootClockRUN
 .rodata.oscConfig_BOARD_BootClockRUN
                0x00002844        0x8 ./board/clock_config.o
                0x00002844                oscConfig_BOARD_BootClockRUN
 .rodata.PORT_SetPinConfig.str1.4
                0x0000284c       0x6c ./board/pin_mux.o
 .rodata.__num_Ciob_streams
                0x000028b8        0x4 d:/nxp/mcuxpressoide_11.5.0_7232/ide/plugins/com.nxp.mcuxpresso.tools.win32_11.5.0.202107051138/tools/bin/../lib/gcc/arm-none-eabi/10.3.1/../../../../arm-none-eabi/lib/thumb/v6-m/nofp\libcr_nohost_nf.a(__ciob.o)
                0x000028b8                __num_Ciob_streams
 .rodata.__assertion_failed.str1.1
                0x000028bc       0x15 d:/nxp/mcuxpressoide_11.5.0_7232/ide/plugins/com.nxp.mcuxpresso.tools.win32_11.5.0.202107051138/tools/bin/../lib/gcc/arm-none-eabi/10.3.1/../../../../arm-none-eabi/lib/thumb/v6-m/nofp\libcr_nohost_nf.a(_cr_assert.o)
 .rodata._Csys_alloc.str1.1
                0x000028d1       0x18 d:/nxp/mcuxpressoide_11.5.0_7232/ide/plugins/com.nxp.mcuxpresso.tools.win32_11.5.0.202107051138/tools/bin/../lib/gcc/arm-none-eabi/10.3.1/../../../../arm-none-eabi/lib/thumb/v6-m/nofp\libcr_c.a(alloc.o)
 .rodata._initio.str1.1
                0x000028e9        0x4 d:/nxp/mcuxpressoide_11.5.0_7232/ide/plugins/com.nxp.mcuxpresso.tools.win32_11.5.0.202107051138/tools/bin/../lib/gcc/arm-none-eabi/10.3.1/../../../../arm-none-eabi/lib/thumb/v6-m/nofp\libcr_c.a(initio.o)
                0x000028f0                . = ALIGN (0x4)
 *fill*         0x000028ed        0x3 ff

.glue_7         0x000028f0        0x0
 .glue_7        0x000028f0        0x0 linker stubs

.glue_7t        0x000028f0        0x0
 .glue_7t       0x000028f0        0x0 linker stubs

.vfp11_veneer   0x000028f0        0x0
 .vfp11_veneer  0x000028f0        0x0 linker stubs

.v4_bx          0x000028f0        0x0
 .v4_bx         0x000028f0        0x0 linker stubs

.iplt           0x000028f0        0x0
 .iplt          0x000028f0        0x0 ./utilities/fsl_debug_console.o

.rel.dyn        0x000028f0        0x0
 .rel.iplt      0x000028f0        0x0 ./utilities/fsl_debug_console.o

.ARM.extab
 *(SORT_BY_ALIGNMENT(.ARM.extab*) SORT_BY_ALIGNMENT(.gnu.linkonce.armextab.*))

.ARM.exidx      0x000028f0        0x0
                0x000028f0                __exidx_start = .
 *(SORT_BY_ALIGNMENT(.ARM.exidx*) SORT_BY_ALIGNMENT(.gnu.linkonce.armexidx.*))
                0x000028f0                __exidx_end = .
                0x000028f0                _etext = .

.m_usb_data
 *(SORT_BY_ALIGNMENT(m_usb_bdt))

.mtb_buffer_default
                0x1fffe000       0x80
 *(SORT_BY_ALIGNMENT(.mtb*))
 .mtb.$RAM1     0x1fffe000       0x80 ./source/mtb.o
                0x1fffe000                __mtb_buffer__

.uninit_RESERVED
                0x1fffe080        0x0
                0x1fffe080                _start_uninit_RESERVED = .
 *(SORT_BY_ALIGNMENT(.bss.$RESERVED*))
                0x1fffe080                . = ALIGN (0x4)
                0x1fffe080                _end_uninit_RESERVED = .

.data           0x1fffe080        0x4 load address 0x000028f0
 FILL mask 0xff
                0x1fffe080                _data = .
                [!provide]                PROVIDE (__start_data_RAM = .)
                [!provide]                PROVIDE (__start_data_SRAM = .)
 *(SORT_BY_ALIGNMENT(vtable))
 *(SORT_BY_ALIGNMENT(.ramfunc*))
 *(SORT_BY_ALIGNMENT(CodeQuickAccess))
 *(SORT_BY_ALIGNMENT(DataQuickAccess))
 *(SORT_BY_ALIGNMENT(RamFunction))
 *(SORT_BY_ALIGNMENT(.data*))
 .data.SystemCoreClock
                0x1fffe080        0x4 ./device/system_MKL43Z4.o
                0x1fffe080                SystemCoreClock
                0x1fffe084                . = ALIGN (0x4)
                0x1fffe084                _edata = .
                [!provide]                PROVIDE (__end_data_RAM = .)
                [!provide]                PROVIDE (__end_data_SRAM = .)

.igot.plt       0x1fffe084        0x0 load address 0x000028f4
 .igot.plt      0x1fffe084        0x0 ./utilities/fsl_debug_console.o

.bss            0x1fffe084      0x104
                0x1fffe084                _bss = .
                [!provide]                PROVIDE (__start_bss_RAM = .)
                [!provide]                PROVIDE (__start_bss_SRAM = .)
 *(SORT_BY_ALIGNMENT(.bss*))
 .bss.s_debugConsoleState
                0x1fffe084       0x1c ./utilities/fsl_debug_console.o
 .bss.g_serialHandle
                0x1fffe0a0        0x4 ./utilities/fsl_debug_console.o
                0x1fffe0a0                g_serialHandle
 .bss.Temp.2    0x1fffe0a4        0x4 ./source/MEF.o
 .bss.AV.1      0x1fffe0a8        0x4 ./source/MEF.o
 .bss.CA.0      0x1fffe0ac        0x4 ./source/MEF.o
 .bss.g_xtal0Freq
                0x1fffe0b0        0x4 ./drivers/fsl_clock.o
                0x1fffe0b0                g_xtal0Freq
 .bss.g_xtal32Freq
                0x1fffe0b4        0x4 ./drivers/fsl_clock.o
                0x1fffe0b4                g_xtal32Freq
 .bss.s_lpuartHandle
                0x1fffe0b8        0x8 ./drivers/fsl_lpuart.o
 .bss.s_lpuartIsr
                0x1fffe0c0        0x4 ./drivers/fsl_lpuart.o
 .bss.__Ciob    0x1fffe0c4       0xb4 d:/nxp/mcuxpressoide_11.5.0_7232/ide/plugins/com.nxp.mcuxpresso.tools.win32_11.5.0.202107051138/tools/bin/../lib/gcc/arm-none-eabi/10.3.1/../../../../arm-none-eabi/lib/thumb/v6-m/nofp\libcr_nohost_nf.a(__ciob.o)
                0x1fffe0c4                __Ciob
 .bss.__end_of_heap
                0x1fffe178        0x4 d:/nxp/mcuxpressoide_11.5.0_7232/ide/plugins/com.nxp.mcuxpresso.tools.win32_11.5.0.202107051138/tools/bin/../lib/gcc/arm-none-eabi/10.3.1/../../../../arm-none-eabi/lib/thumb/v6-m/nofp\libcr_c.a(__init_alloc.o)
                0x1fffe178                __end_of_heap
 .bss.__heaps   0x1fffe17c        0x4 d:/nxp/mcuxpressoide_11.5.0_7232/ide/plugins/com.nxp.mcuxpresso.tools.win32_11.5.0.202107051138/tools/bin/../lib/gcc/arm-none-eabi/10.3.1/../../../../arm-none-eabi/lib/thumb/v6-m/nofp\libcr_c.a(__init_alloc.o)
                0x1fffe17c                __heaps
 .bss.errno     0x1fffe180        0x4 d:/nxp/mcuxpressoide_11.5.0_7232/ide/plugins/com.nxp.mcuxpresso.tools.win32_11.5.0.202107051138/tools/bin/../lib/gcc/arm-none-eabi/10.3.1/../../../../arm-none-eabi/lib/thumb/v6-m/nofp\libcr_c.a(errno.o)
                0x1fffe180                errno
 .bss.estado_proximo.4
                0x1fffe184        0x1 ./source/MEF.o
 .bss.estado_actual.3
                0x1fffe185        0x1 ./source/MEF.o
 *(SORT_BY_ALIGNMENT(COMMON))
                0x1fffe188                . = ALIGN (0x4)
 *fill*         0x1fffe186        0x2 
                0x1fffe188                _ebss = .
                [!provide]                PROVIDE (__end_bss_RAM = .)
                [!provide]                PROVIDE (__end_bss_SRAM = .)
                [!provide]                PROVIDE (end = .)

.noinit         0x1fffe188        0x0
                0x1fffe188                _noinit = .
                [!provide]                PROVIDE (__start_noinit_RAM = .)
                [!provide]                PROVIDE (__start_noinit_SRAM = .)
 *(SORT_BY_ALIGNMENT(.noinit*))
                0x1fffe188                . = ALIGN (0x4)
                0x1fffe188                _end_noinit = .
                [!provide]                PROVIDE (__end_noinit_RAM = .)
                [!provide]                PROVIDE (__end_noinit_SRAM = .)
                0x00000800                _HeapSize = 0x800

.heap           0x1fffe188      0x800
                0x1fffe188                _pvHeapStart = .
                0x1fffe988                . = (. + _HeapSize)
 *fill*         0x1fffe188      0x800 
                0x1fffe988                . = ALIGN (0x4)
                0x1fffe988                _pvHeapLimit = .
                0x00000800                _StackSize = 0x800

.heap2stackfill
                0x1fffe988      0x800
                0x1ffff188                . = (. + _StackSize)
 *fill*         0x1fffe988      0x800 

.stack          0x20005800        0x0
                0x20005800                _vStackBase = .
                0x20005800                . = ALIGN (0x4)
                0x20006000                _vStackTop = (. + _StackSize)
                0x00000000                _image_start = LOADADDR (.text)
                0x000028f4                _image_end = (LOADADDR (.data) + SIZEOF (.data))
                0x000028f4                _image_size = (_image_end - _image_start)
OUTPUT(TP3_FINAL_KL43.axf elf32-littlearm)
LOAD linker stubs

.debug_info     0x00000000     0x72de
 .debug_info    0x00000000      0xa3b ./utilities/fsl_debug_console.o
 .debug_info    0x00000a3b      0x4df ./startup/startup_mkl43z4.o
 .debug_info    0x00000f1a      0x19d ./source/MEF.o
 .debug_info    0x000010b7       0x94 ./source/TP3_FINAL_KL43.o
 .debug_info    0x0000114b       0x53 ./source/mtb.o
 .debug_info    0x0000119e       0x3c ./source/semihost_hardfault.o
 .debug_info    0x000011da     0x1308 ./drivers/fsl_clock.o
 .debug_info    0x000024e2     0x1780 ./drivers/fsl_lpuart.o
 .debug_info    0x00003c62      0x45d ./device/system_MKL43Z4.o
 .debug_info    0x000040bf      0x8dd ./component/uart/lpuart_adapter.o
 .debug_info    0x0000499c      0x85a ./component/serial_manager/serial_manager.o
 .debug_info    0x000051f6      0x503 ./component/serial_manager/serial_port_uart.o
 .debug_info    0x000056f9      0x416 ./board/IA_board_KL43.o
 .debug_info    0x00005b0f      0x395 ./board/board.o
 .debug_info    0x00005ea4      0xafc ./board/clock_config.o
 .debug_info    0x000069a0       0x3c ./board/peripherals.o
 .debug_info    0x000069dc      0x902 ./board/pin_mux.o

.debug_abbrev   0x00000000     0x17ba
 .debug_abbrev  0x00000000      0x1ec ./utilities/fsl_debug_console.o
 .debug_abbrev  0x000001ec      0x1b8 ./startup/startup_mkl43z4.o
 .debug_abbrev  0x000003a4       0xd1 ./source/MEF.o
 .debug_abbrev  0x00000475       0x49 ./source/TP3_FINAL_KL43.o
 .debug_abbrev  0x000004be       0x46 ./source/mtb.o
 .debug_abbrev  0x00000504       0x31 ./source/semihost_hardfault.o
 .debug_abbrev  0x00000535      0x2b0 ./drivers/fsl_clock.o
 .debug_abbrev  0x000007e5      0x2fe ./drivers/fsl_lpuart.o
 .debug_abbrev  0x00000ae3      0x148 ./device/system_MKL43Z4.o
 .debug_abbrev  0x00000c2b      0x1af ./component/uart/lpuart_adapter.o
 .debug_abbrev  0x00000dda      0x205 ./component/serial_manager/serial_manager.o
 .debug_abbrev  0x00000fdf      0x127 ./component/serial_manager/serial_port_uart.o
 .debug_abbrev  0x00001106      0x115 ./board/IA_board_KL43.o
 .debug_abbrev  0x0000121b      0x119 ./board/board.o
 .debug_abbrev  0x00001334      0x1ce ./board/clock_config.o
 .debug_abbrev  0x00001502       0x31 ./board/peripherals.o
 .debug_abbrev  0x00001533      0x287 ./board/pin_mux.o

.debug_aranges  0x00000000      0x740
 .debug_aranges
                0x00000000       0x88 ./utilities/fsl_debug_console.o
 .debug_aranges
                0x00000088      0x160 ./startup/startup_mkl43z4.o
 .debug_aranges
                0x000001e8       0x20 ./source/MEF.o
 .debug_aranges
                0x00000208       0x20 ./source/TP3_FINAL_KL43.o
 .debug_aranges
                0x00000228       0x18 ./source/mtb.o
 .debug_aranges
                0x00000240       0x20 ./source/semihost_hardfault.o
 .debug_aranges
                0x00000260       0xd0 ./drivers/fsl_clock.o
 .debug_aranges
                0x00000330      0x120 ./drivers/fsl_lpuart.o
 .debug_aranges
                0x00000450       0x30 ./device/system_MKL43Z4.o
 .debug_aranges
                0x00000480       0x50 ./component/uart/lpuart_adapter.o
 .debug_aranges
                0x000004d0       0x98 ./component/serial_manager/serial_manager.o
 .debug_aranges
                0x00000568       0x48 ./component/serial_manager/serial_port_uart.o
 .debug_aranges
                0x000005b0       0x50 ./board/IA_board_KL43.o
 .debug_aranges
                0x00000600       0x28 ./board/board.o
 .debug_aranges
                0x00000628       0x80 ./board/clock_config.o
 .debug_aranges
                0x000006a8       0x20 ./board/peripherals.o
 .debug_aranges
                0x000006c8       0x78 ./board/pin_mux.o

.debug_ranges   0x00000000      0x628
 .debug_ranges  0x00000000       0x78 ./utilities/fsl_debug_console.o
 .debug_ranges  0x00000078      0x150 ./startup/startup_mkl43z4.o
 .debug_ranges  0x000001c8       0x10 ./source/MEF.o
 .debug_ranges  0x000001d8       0x10 ./source/TP3_FINAL_KL43.o
 .debug_ranges  0x000001e8       0x10 ./source/semihost_hardfault.o
 .debug_ranges  0x000001f8       0xc0 ./drivers/fsl_clock.o
 .debug_ranges  0x000002b8      0x110 ./drivers/fsl_lpuart.o
 .debug_ranges  0x000003c8       0x20 ./device/system_MKL43Z4.o
 .debug_ranges  0x000003e8       0x40 ./component/uart/lpuart_adapter.o
 .debug_ranges  0x00000428       0x88 ./component/serial_manager/serial_manager.o
 .debug_ranges  0x000004b0       0x38 ./component/serial_manager/serial_port_uart.o
 .debug_ranges  0x000004e8       0x40 ./board/IA_board_KL43.o
 .debug_ranges  0x00000528       0x18 ./board/board.o
 .debug_ranges  0x00000540       0x70 ./board/clock_config.o
 .debug_ranges  0x000005b0       0x10 ./board/peripherals.o
 .debug_ranges  0x000005c0       0x68 ./board/pin_mux.o

.debug_macro    0x00000000     0xd201
 .debug_macro   0x00000000      0x18f ./utilities/fsl_debug_console.o
 .debug_macro   0x0000018f      0xa8a ./utilities/fsl_debug_console.o
 .debug_macro   0x00000c19       0x10 ./utilities/fsl_debug_console.o
 .debug_macro   0x00000c29       0x16 ./utilities/fsl_debug_console.o
 .debug_macro   0x00000c3f       0x10 ./utilities/fsl_debug_console.o
 .debug_macro   0x00000c4f      0x12e ./utilities/fsl_debug_console.o
 .debug_macro   0x00000d7d       0x28 ./utilities/fsl_debug_console.o
 .debug_macro   0x00000da5       0x16 ./utilities/fsl_debug_console.o
 .debug_macro   0x00000dbb       0x22 ./utilities/fsl_debug_console.o
 .debug_macro   0x00000ddd      0x5b3 ./utilities/fsl_debug_console.o
 .debug_macro   0x00001390       0x10 ./utilities/fsl_debug_console.o
 .debug_macro   0x000013a0       0x3f ./utilities/fsl_debug_console.o
 .debug_macro   0x000013df       0x1c ./utilities/fsl_debug_console.o
 .debug_macro   0x000013fb       0x22 ./utilities/fsl_debug_console.o
 .debug_macro   0x0000141d       0xd1 ./utilities/fsl_debug_console.o
 .debug_macro   0x000014ee      0x3ad ./utilities/fsl_debug_console.o
 .debug_macro   0x0000189b       0x3a ./utilities/fsl_debug_console.o
 .debug_macro   0x000018d5     0x8f6f ./utilities/fsl_debug_console.o
 .debug_macro   0x0000a844     0x11d7 ./utilities/fsl_debug_console.o
 .debug_macro   0x0000ba1b       0xd7 ./utilities/fsl_debug_console.o
 .debug_macro   0x0000baf2       0xfb ./utilities/fsl_debug_console.o
 .debug_macro   0x0000bbed       0x50 ./utilities/fsl_debug_console.o
 .debug_macro   0x0000bc3d       0x2e ./utilities/fsl_debug_console.o
 .debug_macro   0x0000bc6b       0x2e ./utilities/fsl_debug_console.o
 .debug_macro   0x0000bc99       0x47 ./utilities/fsl_debug_console.o
 .debug_macro   0x0000bce0       0x34 ./utilities/fsl_debug_console.o
 .debug_macro   0x0000bd14       0x29 ./startup/startup_mkl43z4.o
 .debug_macro   0x0000bd3d      0x180 ./source/MEF.o
 .debug_macro   0x0000bebd       0x1c ./source/MEF.o
 .debug_macro   0x0000bed9       0x22 ./source/MEF.o
 .debug_macro   0x0000befb       0x1c ./source/MEF.o
 .debug_macro   0x0000bf17       0x16 ./source/MEF.o
 .debug_macro   0x0000bf2d      0x1b5 ./source/MEF.o
 .debug_macro   0x0000c0e2      0x193 ./source/MEF.o
 .debug_macro   0x0000c275       0x2e ./source/MEF.o
 .debug_macro   0x0000c2a3       0x70 ./source/MEF.o
 .debug_macro   0x0000c313      0x18c ./source/TP3_FINAL_KL43.o
 .debug_macro   0x0000c49f       0xd8 ./source/TP3_FINAL_KL43.o
 .debug_macro   0x0000c577       0x10 ./source/TP3_FINAL_KL43.o
 .debug_macro   0x0000c587       0x2f ./source/mtb.o
 .debug_macro   0x0000c5b6       0x82 ./source/mtb.o
 .debug_macro   0x0000c638       0x10 ./source/mtb.o
 .debug_macro   0x0000c648       0x11 ./source/semihost_hardfault.o
 .debug_macro   0x0000c659      0x12f ./drivers/fsl_clock.o
 .debug_macro   0x0000c788      0x102 ./drivers/fsl_lpuart.o
 .debug_macro   0x0000c88a       0x10 ./drivers/fsl_lpuart.o
 .debug_macro   0x0000c89a       0x97 ./device/system_MKL43Z4.o
 .debug_macro   0x0000c931       0xff ./component/uart/lpuart_adapter.o
 .debug_macro   0x0000ca30       0x16 ./component/uart/lpuart_adapter.o
 .debug_macro   0x0000ca46       0x2e ./component/uart/lpuart_adapter.o
 .debug_macro   0x0000ca74      0x136 ./component/serial_manager/serial_manager.o
 .debug_macro   0x0000cbaa      0x11e ./component/serial_manager/serial_port_uart.o
 .debug_macro   0x0000ccc8      0x170 ./board/IA_board_KL43.o
 .debug_macro   0x0000ce38      0x150 ./board/board.o
 .debug_macro   0x0000cf88      0x140 ./board/clock_config.o
 .debug_macro   0x0000d0c8       0x1b ./board/peripherals.o
 .debug_macro   0x0000d0e3      0x108 ./board/pin_mux.o
 .debug_macro   0x0000d1eb       0x16 ./board/pin_mux.o

.debug_line     0x00000000     0x5a3f
 .debug_line    0x00000000      0x80d ./utilities/fsl_debug_console.o
 .debug_line    0x0000080d      0x1eb ./startup/startup_mkl43z4.o
 .debug_line    0x000009f8      0x643 ./source/MEF.o
 .debug_line    0x0000103b      0x58a ./source/TP3_FINAL_KL43.o
 .debug_line    0x000015c5       0xd1 ./source/mtb.o
 .debug_line    0x00001696       0x59 ./source/semihost_hardfault.o
 .debug_line    0x000016ef      0x868 ./drivers/fsl_clock.o
 .debug_line    0x00001f57      0xe6b ./drivers/fsl_lpuart.o
 .debug_line    0x00002dc2      0x2ef ./device/system_MKL43Z4.o
 .debug_line    0x000030b1      0x4f9 ./component/uart/lpuart_adapter.o
 .debug_line    0x000035aa      0x7af ./component/serial_manager/serial_manager.o
 .debug_line    0x00003d59      0x575 ./component/serial_manager/serial_port_uart.o
 .debug_line    0x000042ce      0x5dd ./board/IA_board_KL43.o
 .debug_line    0x000048ab      0x515 ./board/board.o
 .debug_line    0x00004dc0      0x52f ./board/clock_config.o
 .debug_line    0x000052ef       0x5a ./board/peripherals.o
 .debug_line    0x00005349      0x6f6 ./board/pin_mux.o

.debug_str      0x00000000    0x54f27
 .debug_str     0x00000000    0x4fe1d ./utilities/fsl_debug_console.o
                              0x500a7 (size before relaxing)
 .debug_str     0x0004fe1d      0x3c1 ./startup/startup_mkl43z4.o
                               0x30fc (size before relaxing)
 .debug_str     0x000501de     0x13be ./source/MEF.o
                              0x50117 (size before relaxing)
 .debug_str     0x0005159c      0x2d5 ./source/TP3_FINAL_KL43.o
                              0x50367 (size before relaxing)
 .debug_str     0x00051871      0x532 ./source/mtb.o
                               0x320f (size before relaxing)
 .debug_str     0x00051da3       0x1f ./source/semihost_hardfault.o
                               0x2cfc (size before relaxing)
 .debug_str     0x00051dc2      0xe5c ./drivers/fsl_clock.o
                              0x4fe5f (size before relaxing)
 .debug_str     0x00052c1e      0xfe3 ./drivers/fsl_lpuart.o
                              0x5024c (size before relaxing)
 .debug_str     0x00053c01       0x8c ./device/system_MKL43Z4.o
                              0x4da44 (size before relaxing)
 .debug_str     0x00053c8d      0x2f9 ./component/uart/lpuart_adapter.o
                              0x4f748 (size before relaxing)
 .debug_str     0x00053f86      0x3dd ./component/serial_manager/serial_manager.o
                              0x4f270 (size before relaxing)
 .debug_str     0x00054363       0xed ./component/serial_manager/serial_port_uart.o
                              0x4f253 (size before relaxing)
 .debug_str     0x00054450       0x9c ./board/IA_board_KL43.o
                              0x5021d (size before relaxing)
 .debug_str     0x000544ec       0x4d ./board/board.o
                              0x4fb9d (size before relaxing)
 .debug_str     0x00054539      0x4ed ./board/clock_config.o
                              0x4f8f8 (size before relaxing)
 .debug_str     0x00054a26       0x31 ./board/peripherals.o
                               0x2d0d (size before relaxing)
 .debug_str     0x00054a57      0x4d0 ./board/pin_mux.o
                              0x4f4ee (size before relaxing)

.comment        0x00000000       0x49
 .comment       0x00000000       0x49 ./utilities/fsl_debug_console.o
                                 0x4a (size before relaxing)
 .comment       0x00000049       0x4a ./startup/startup_mkl43z4.o
 .comment       0x00000049       0x4a ./source/MEF.o
 .comment       0x00000049       0x4a ./source/TP3_FINAL_KL43.o
 .comment       0x00000049       0x4a ./source/mtb.o
 .comment       0x00000049       0x4a ./source/semihost_hardfault.o
 .comment       0x00000049       0x4a ./drivers/fsl_clock.o
 .comment       0x00000049       0x4a ./drivers/fsl_lpuart.o
 .comment       0x00000049       0x4a ./device/system_MKL43Z4.o
 .comment       0x00000049       0x4a ./component/uart/lpuart_adapter.o
 .comment       0x00000049       0x4a ./component/serial_manager/serial_manager.o
 .comment       0x00000049       0x4a ./component/serial_manager/serial_port_uart.o
 .comment       0x00000049       0x4a ./board/IA_board_KL43.o
 .comment       0x00000049       0x4a ./board/board.o
 .comment       0x00000049       0x4a ./board/clock_config.o
 .comment       0x00000049       0x4a ./board/peripherals.o
 .comment       0x00000049       0x4a ./board/pin_mux.o
 .comment       0x00000049       0x4a d:/nxp/mcuxpressoide_11.5.0_7232/ide/plugins/com.nxp.mcuxpresso.tools.win32_11.5.0.202107051138/tools/bin/../lib/gcc/arm-none-eabi/10.3.1/../../../../arm-none-eabi/lib/thumb/v6-m/nofp\libcr_nohost_nf.a(_cr__main.o)
 .comment       0x00000049       0x4a d:/nxp/mcuxpressoide_11.5.0_7232/ide/plugins/com.nxp.mcuxpresso.tools.win32_11.5.0.202107051138/tools/bin/../lib/gcc/arm-none-eabi/10.3.1/../../../../arm-none-eabi/lib/thumb/v6-m/nofp\libcr_nohost_nf.a(_cr_assert.o)
 .comment       0x00000049       0x4a d:/nxp/mcuxpressoide_11.5.0_7232/ide/plugins/com.nxp.mcuxpresso.tools.win32_11.5.0.202107051138/tools/bin/../lib/gcc/arm-none-eabi/10.3.1/../../../../arm-none-eabi/lib/thumb/v6-m/nofp\libcr_nohost_nf.a(__ciob.o)
 .comment       0x00000049       0x4a d:/nxp/mcuxpressoide_11.5.0_7232/ide/plugins/com.nxp.mcuxpresso.tools.win32_11.5.0.202107051138/tools/bin/../lib/gcc/arm-none-eabi/10.3.1/../../../../arm-none-eabi/lib/thumb/v6-m/nofp\libcr_nohost_nf.a(__sys_appexit.o)
 .comment       0x00000049       0x4a d:/nxp/mcuxpressoide_11.5.0_7232/ide/plugins/com.nxp.mcuxpresso.tools.win32_11.5.0.202107051138/tools/bin/../lib/gcc/arm-none-eabi/10.3.1/../../../../arm-none-eabi/lib/thumb/v6-m/nofp\libcr_c.a(memset.o)
 .comment       0x00000049       0x4a d:/nxp/mcuxpressoide_11.5.0_7232/ide/plugins/com.nxp.mcuxpresso.tools.win32_11.5.0.202107051138/tools/bin/../lib/gcc/arm-none-eabi/10.3.1/../../../../arm-none-eabi/lib/thumb/v6-m/nofp\libcr_c.a(_deferredlazyseek.o)
 .comment       0x00000049       0x4a d:/nxp/mcuxpressoide_11.5.0_7232/ide/plugins/com.nxp.mcuxpresso.tools.win32_11.5.0.202107051138/tools/bin/../lib/gcc/arm-none-eabi/10.3.1/../../../../arm-none-eabi/lib/thumb/v6-m/nofp\libcr_c.a(_fflush.o)
 .comment       0x00000049       0x4a d:/nxp/mcuxpressoide_11.5.0_7232/ide/plugins/com.nxp.mcuxpresso.tools.win32_11.5.0.202107051138/tools/bin/../lib/gcc/arm-none-eabi/10.3.1/../../../../arm-none-eabi/lib/thumb/v6-m/nofp\libcr_c.a(_writebuf.o)
 .comment       0x00000049       0x4a d:/nxp/mcuxpressoide_11.5.0_7232/ide/plugins/com.nxp.mcuxpresso.tools.win32_11.5.0.202107051138/tools/bin/../lib/gcc/arm-none-eabi/10.3.1/../../../../arm-none-eabi/lib/thumb/v6-m/nofp\libcr_c.a(alloc.o)
 .comment       0x00000049       0x4a d:/nxp/mcuxpressoide_11.5.0_7232/ide/plugins/com.nxp.mcuxpresso.tools.win32_11.5.0.202107051138/tools/bin/../lib/gcc/arm-none-eabi/10.3.1/../../../../arm-none-eabi/lib/thumb/v6-m/nofp\libcr_c.a(fputs.o)
 .comment       0x00000049       0x4a d:/nxp/mcuxpressoide_11.5.0_7232/ide/plugins/com.nxp.mcuxpresso.tools.win32_11.5.0.202107051138/tools/bin/../lib/gcc/arm-none-eabi/10.3.1/../../../../arm-none-eabi/lib/thumb/v6-m/nofp\libcr_c.a(fseek.o)
 .comment       0x00000049       0x4a d:/nxp/mcuxpressoide_11.5.0_7232/ide/plugins/com.nxp.mcuxpresso.tools.win32_11.5.0.202107051138/tools/bin/../lib/gcc/arm-none-eabi/10.3.1/../../../../arm-none-eabi/lib/thumb/v6-m/nofp\libcr_c.a(ftell.o)
 .comment       0x00000049       0x4a d:/nxp/mcuxpressoide_11.5.0_7232/ide/plugins/com.nxp.mcuxpresso.tools.win32_11.5.0.202107051138/tools/bin/../lib/gcc/arm-none-eabi/10.3.1/../../../../arm-none-eabi/lib/thumb/v6-m/nofp\libcr_c.a(initio.o)
 .comment       0x00000049       0x4a d:/nxp/mcuxpressoide_11.5.0_7232/ide/plugins/com.nxp.mcuxpresso.tools.win32_11.5.0.202107051138/tools/bin/../lib/gcc/arm-none-eabi/10.3.1/../../../../arm-none-eabi/lib/thumb/v6-m/nofp\libcr_c.a(setvbuf.o)
 .comment       0x00000049       0x4a d:/nxp/mcuxpressoide_11.5.0_7232/ide/plugins/com.nxp.mcuxpresso.tools.win32_11.5.0.202107051138/tools/bin/../lib/gcc/arm-none-eabi/10.3.1/../../../../arm-none-eabi/lib/thumb/v6-m/nofp\libcr_c.a(strlen.o)
 .comment       0x00000049       0x4a d:/nxp/mcuxpressoide_11.5.0_7232/ide/plugins/com.nxp.mcuxpresso.tools.win32_11.5.0.202107051138/tools/bin/../lib/gcc/arm-none-eabi/10.3.1/../../../../arm-none-eabi/lib/thumb/v6-m/nofp\libcr_c.a(__init_alloc.o)
 .comment       0x00000049       0x4a d:/nxp/mcuxpressoide_11.5.0_7232/ide/plugins/com.nxp.mcuxpresso.tools.win32_11.5.0.202107051138/tools/bin/../lib/gcc/arm-none-eabi/10.3.1/../../../../arm-none-eabi/lib/thumb/v6-m/nofp\libcr_c.a(_cr_sbrk.o)
 .comment       0x00000049       0x4a d:/nxp/mcuxpressoide_11.5.0_7232/ide/plugins/com.nxp.mcuxpresso.tools.win32_11.5.0.202107051138/tools/bin/../lib/gcc/arm-none-eabi/10.3.1/../../../../arm-none-eabi/lib/thumb/v6-m/nofp\libcr_c.a(_fdopen.o)
 .comment       0x00000049       0x4a d:/nxp/mcuxpressoide_11.5.0_7232/ide/plugins/com.nxp.mcuxpresso.tools.win32_11.5.0.202107051138/tools/bin/../lib/gcc/arm-none-eabi/10.3.1/../../../../arm-none-eabi/lib/thumb/v6-m/nofp\libcr_c.a(errno.o)
 .comment       0x00000049       0x4a d:/nxp/mcuxpressoide_11.5.0_7232/ide/plugins/com.nxp.mcuxpresso.tools.win32_11.5.0.202107051138/tools/bin/../lib/gcc/arm-none-eabi/10.3.1/../../../../arm-none-eabi/lib/thumb/v6-m/nofp\libcr_c.a(fclose.o)
 .comment       0x00000049       0x4a d:/nxp/mcuxpressoide_11.5.0_7232/ide/plugins/com.nxp.mcuxpresso.tools.win32_11.5.0.202107051138/tools/bin/../lib/gcc/arm-none-eabi/10.3.1/../../../../arm-none-eabi/lib/thumb/v6-m/nofp\libcr_c.a(fflush.o)
 .comment       0x00000049       0x4a d:/nxp/mcuxpressoide_11.5.0_7232/ide/plugins/com.nxp.mcuxpresso.tools.win32_11.5.0.202107051138/tools/bin/../lib/gcc/arm-none-eabi/10.3.1/../../../../arm-none-eabi/lib/thumb/v6-m/nofp\libcr_c.a(remove.o)
 .comment       0x00000049       0x4a d:/nxp/mcuxpressoide_11.5.0_7232/ide/plugins/com.nxp.mcuxpresso.tools.win32_11.5.0.202107051138/tools/bin/../lib/gcc/arm-none-eabi/10.3.1/../../../../arm-none-eabi/lib/thumb/v6-m/nofp\libcr_c.a(_cr_check_heap.o)
 .comment       0x00000049       0x4a d:/nxp/mcuxpressoide_11.5.0_7232/ide/plugins/com.nxp.mcuxpresso.tools.win32_11.5.0.202107051138/tools/bin/../lib/gcc/arm-none-eabi/10.3.1/../../../../arm-none-eabi/lib/thumb/v6-m/nofp\libcr_c.a(_do_fflush.o)
 .comment       0x00000049       0x4a d:/nxp/mcuxpressoide_11.5.0_7232/ide/plugins/com.nxp.mcuxpresso.tools.win32_11.5.0.202107051138/tools/bin/../lib/gcc/arm-none-eabi/10.3.1/../../../../arm-none-eabi/lib/thumb/v6-m/nofp\libcr_nohost_nf.a(__sys_close.o)
 .comment       0x00000049       0x4a d:/nxp/mcuxpressoide_11.5.0_7232/ide/plugins/com.nxp.mcuxpresso.tools.win32_11.5.0.202107051138/tools/bin/../lib/gcc/arm-none-eabi/10.3.1/../../../../arm-none-eabi/lib/thumb/v6-m/nofp\libcr_nohost_nf.a(__sys_flen.o)
 .comment       0x00000049       0x4a d:/nxp/mcuxpressoide_11.5.0_7232/ide/plugins/com.nxp.mcuxpresso.tools.win32_11.5.0.202107051138/tools/bin/../lib/gcc/arm-none-eabi/10.3.1/../../../../arm-none-eabi/lib/thumb/v6-m/nofp\libcr_nohost_nf.a(__sys_istty.o)
 .comment       0x00000049       0x4a d:/nxp/mcuxpressoide_11.5.0_7232/ide/plugins/com.nxp.mcuxpresso.tools.win32_11.5.0.202107051138/tools/bin/../lib/gcc/arm-none-eabi/10.3.1/../../../../arm-none-eabi/lib/thumb/v6-m/nofp\libcr_nohost_nf.a(__sys_remove.o)
 .comment       0x00000049       0x4a d:/nxp/mcuxpressoide_11.5.0_7232/ide/plugins/com.nxp.mcuxpresso.tools.win32_11.5.0.202107051138/tools/bin/../lib/gcc/arm-none-eabi/10.3.1/../../../../arm-none-eabi/lib/thumb/v6-m/nofp\libcr_nohost_nf.a(__sys_seek.o)
 .comment       0x00000049       0x4a d:/nxp/mcuxpressoide_11.5.0_7232/ide/plugins/com.nxp.mcuxpresso.tools.win32_11.5.0.202107051138/tools/bin/../lib/gcc/arm-none-eabi/10.3.1/../../../../arm-none-eabi/lib/thumb/v6-m/nofp\libcr_nohost_nf.a(__sys_tmpnam.o)
 .comment       0x00000049       0x4a d:/nxp/mcuxpressoide_11.5.0_7232/ide/plugins/com.nxp.mcuxpresso.tools.win32_11.5.0.202107051138/tools/bin/../lib/gcc/arm-none-eabi/10.3.1/../../../../arm-none-eabi/lib/thumb/v6-m/nofp\libcr_nohost_nf.a(__sys_write.o)

.ARM.attributes
                0x00000000       0x2a
 .ARM.attributes
                0x00000000       0x2c ./utilities/fsl_debug_console.o
 .ARM.attributes
                0x0000002c       0x2c ./startup/startup_mkl43z4.o
 .ARM.attributes
                0x00000058       0x2c ./source/MEF.o
 .ARM.attributes
                0x00000084       0x2c ./source/TP3_FINAL_KL43.o
 .ARM.attributes
                0x000000b0       0x32 ./source/mtb.o
 .ARM.attributes
                0x000000e2       0x2c ./source/semihost_hardfault.o
 .ARM.attributes
                0x0000010e       0x2c ./drivers/fsl_clock.o
 .ARM.attributes
                0x0000013a       0x2c ./drivers/fsl_lpuart.o
 .ARM.attributes
                0x00000166       0x2c ./device/system_MKL43Z4.o
 .ARM.attributes
                0x00000192       0x2c ./component/uart/lpuart_adapter.o
 .ARM.attributes
                0x000001be       0x2c ./component/serial_manager/serial_manager.o
 .ARM.attributes
                0x000001ea       0x2c ./component/serial_manager/serial_port_uart.o
 .ARM.attributes
                0x00000216       0x2c ./board/IA_board_KL43.o
 .ARM.attributes
                0x00000242       0x2c ./board/board.o
 .ARM.attributes
                0x0000026e       0x2c ./board/clock_config.o
 .ARM.attributes
                0x0000029a       0x2c ./board/peripherals.o
 .ARM.attributes
                0x000002c6       0x2c ./board/pin_mux.o
 .ARM.attributes
                0x000002f2       0x2c d:/nxp/mcuxpressoide_11.5.0_7232/ide/plugins/com.nxp.mcuxpresso.tools.win32_11.5.0.202107051138/tools/bin/../lib/gcc/arm-none-eabi/10.3.1/../../../../arm-none-eabi/lib/thumb/v6-m/nofp\libcr_nohost_nf.a(_cr__main.o)
 .ARM.attributes
                0x0000031e       0x2c d:/nxp/mcuxpressoide_11.5.0_7232/ide/plugins/com.nxp.mcuxpresso.tools.win32_11.5.0.202107051138/tools/bin/../lib/gcc/arm-none-eabi/10.3.1/../../../../arm-none-eabi/lib/thumb/v6-m/nofp\libcr_nohost_nf.a(_cr_assert.o)
 .ARM.attributes
                0x0000034a       0x31 d:/nxp/mcuxpressoide_11.5.0_7232/ide/plugins/com.nxp.mcuxpresso.tools.win32_11.5.0.202107051138/tools/bin/../lib/gcc/arm-none-eabi/10.3.1/../../../../arm-none-eabi/lib/thumb/v6-m/nofp\libcr_nohost_nf.a(__ciob.o)
 .ARM.attributes
                0x0000037b       0x2c d:/nxp/mcuxpressoide_11.5.0_7232/ide/plugins/com.nxp.mcuxpresso.tools.win32_11.5.0.202107051138/tools/bin/../lib/gcc/arm-none-eabi/10.3.1/../../../../arm-none-eabi/lib/thumb/v6-m/nofp\libcr_nohost_nf.a(__sys_appexit.o)
 .ARM.attributes
                0x000003a7       0x2c d:/nxp/mcuxpressoide_11.5.0_7232/ide/plugins/com.nxp.mcuxpresso.tools.win32_11.5.0.202107051138/tools/bin/../lib/gcc/arm-none-eabi/10.3.1/../../../../arm-none-eabi/lib/thumb/v6-m/nofp\libcr_c.a(memset.o)
 .ARM.attributes
                0x000003d3       0x2c d:/nxp/mcuxpressoide_11.5.0_7232/ide/plugins/com.nxp.mcuxpresso.tools.win32_11.5.0.202107051138/tools/bin/../lib/gcc/arm-none-eabi/10.3.1/../../../../arm-none-eabi/lib/thumb/v6-m/nofp\libcr_c.a(_deferredlazyseek.o)
 .ARM.attributes
                0x000003ff       0x2c d:/nxp/mcuxpressoide_11.5.0_7232/ide/plugins/com.nxp.mcuxpresso.tools.win32_11.5.0.202107051138/tools/bin/../lib/gcc/arm-none-eabi/10.3.1/../../../../arm-none-eabi/lib/thumb/v6-m/nofp\libcr_c.a(_fflush.o)
 .ARM.attributes
                0x0000042b       0x2c d:/nxp/mcuxpressoide_11.5.0_7232/ide/plugins/com.nxp.mcuxpresso.tools.win32_11.5.0.202107051138/tools/bin/../lib/gcc/arm-none-eabi/10.3.1/../../../../arm-none-eabi/lib/thumb/v6-m/nofp\libcr_c.a(_writebuf.o)
 .ARM.attributes
                0x00000457       0x2c d:/nxp/mcuxpressoide_11.5.0_7232/ide/plugins/com.nxp.mcuxpresso.tools.win32_11.5.0.202107051138/tools/bin/../lib/gcc/arm-none-eabi/10.3.1/../../../../arm-none-eabi/lib/thumb/v6-m/nofp\libcr_c.a(alloc.o)
 .ARM.attributes
                0x00000483       0x2c d:/nxp/mcuxpressoide_11.5.0_7232/ide/plugins/com.nxp.mcuxpresso.tools.win32_11.5.0.202107051138/tools/bin/../lib/gcc/arm-none-eabi/10.3.1/../../../../arm-none-eabi/lib/thumb/v6-m/nofp\libcr_c.a(fputs.o)
 .ARM.attributes
                0x000004af       0x2c d:/nxp/mcuxpressoide_11.5.0_7232/ide/plugins/com.nxp.mcuxpresso.tools.win32_11.5.0.202107051138/tools/bin/../lib/gcc/arm-none-eabi/10.3.1/../../../../arm-none-eabi/lib/thumb/v6-m/nofp\libcr_c.a(fseek.o)
 .ARM.attributes
                0x000004db       0x2c d:/nxp/mcuxpressoide_11.5.0_7232/ide/plugins/com.nxp.mcuxpresso.tools.win32_11.5.0.202107051138/tools/bin/../lib/gcc/arm-none-eabi/10.3.1/../../../../arm-none-eabi/lib/thumb/v6-m/nofp\libcr_c.a(ftell.o)
 .ARM.attributes
                0x00000507       0x2c d:/nxp/mcuxpressoide_11.5.0_7232/ide/plugins/com.nxp.mcuxpresso.tools.win32_11.5.0.202107051138/tools/bin/../lib/gcc/arm-none-eabi/10.3.1/../../../../arm-none-eabi/lib/thumb/v6-m/nofp\libcr_c.a(initio.o)
 .ARM.attributes
                0x00000533       0x2c d:/nxp/mcuxpressoide_11.5.0_7232/ide/plugins/com.nxp.mcuxpresso.tools.win32_11.5.0.202107051138/tools/bin/../lib/gcc/arm-none-eabi/10.3.1/../../../../arm-none-eabi/lib/thumb/v6-m/nofp\libcr_c.a(setvbuf.o)
 .ARM.attributes
                0x0000055f       0x2c d:/nxp/mcuxpressoide_11.5.0_7232/ide/plugins/com.nxp.mcuxpresso.tools.win32_11.5.0.202107051138/tools/bin/../lib/gcc/arm-none-eabi/10.3.1/../../../../arm-none-eabi/lib/thumb/v6-m/nofp\libcr_c.a(strlen.o)
 .ARM.attributes
                0x0000058b       0x2c d:/nxp/mcuxpressoide_11.5.0_7232/ide/plugins/com.nxp.mcuxpresso.tools.win32_11.5.0.202107051138/tools/bin/../lib/gcc/arm-none-eabi/10.3.1/../../../../arm-none-eabi/lib/thumb/v6-m/nofp\libcr_c.a(__init_alloc.o)
 .ARM.attributes
                0x000005b7       0x2c d:/nxp/mcuxpressoide_11.5.0_7232/ide/plugins/com.nxp.mcuxpresso.tools.win32_11.5.0.202107051138/tools/bin/../lib/gcc/arm-none-eabi/10.3.1/../../../../arm-none-eabi/lib/thumb/v6-m/nofp\libcr_c.a(_cr_sbrk.o)
 .ARM.attributes
                0x000005e3       0x2c d:/nxp/mcuxpressoide_11.5.0_7232/ide/plugins/com.nxp.mcuxpresso.tools.win32_11.5.0.202107051138/tools/bin/../lib/gcc/arm-none-eabi/10.3.1/../../../../arm-none-eabi/lib/thumb/v6-m/nofp\libcr_c.a(_fdopen.o)
 .ARM.attributes
                0x0000060f       0x31 d:/nxp/mcuxpressoide_11.5.0_7232/ide/plugins/com.nxp.mcuxpresso.tools.win32_11.5.0.202107051138/tools/bin/../lib/gcc/arm-none-eabi/10.3.1/../../../../arm-none-eabi/lib/thumb/v6-m/nofp\libcr_c.a(errno.o)
 .ARM.attributes
                0x00000640       0x2c d:/nxp/mcuxpressoide_11.5.0_7232/ide/plugins/com.nxp.mcuxpresso.tools.win32_11.5.0.202107051138/tools/bin/../lib/gcc/arm-none-eabi/10.3.1/../../../../arm-none-eabi/lib/thumb/v6-m/nofp\libcr_c.a(fclose.o)
 .ARM.attributes
                0x0000066c       0x2c d:/nxp/mcuxpressoide_11.5.0_7232/ide/plugins/com.nxp.mcuxpresso.tools.win32_11.5.0.202107051138/tools/bin/../lib/gcc/arm-none-eabi/10.3.1/../../../../arm-none-eabi/lib/thumb/v6-m/nofp\libcr_c.a(fflush.o)
 .ARM.attributes
                0x00000698       0x2c d:/nxp/mcuxpressoide_11.5.0_7232/ide/plugins/com.nxp.mcuxpresso.tools.win32_11.5.0.202107051138/tools/bin/../lib/gcc/arm-none-eabi/10.3.1/../../../../arm-none-eabi/lib/thumb/v6-m/nofp\libcr_c.a(remove.o)
 .ARM.attributes
                0x000006c4       0x2c d:/nxp/mcuxpressoide_11.5.0_7232/ide/plugins/com.nxp.mcuxpresso.tools.win32_11.5.0.202107051138/tools/bin/../lib/gcc/arm-none-eabi/10.3.1/../../../../arm-none-eabi/lib/thumb/v6-m/nofp\libcr_c.a(_cr_check_heap.o)
 .ARM.attributes
                0x000006f0       0x2c d:/nxp/mcuxpressoide_11.5.0_7232/ide/plugins/com.nxp.mcuxpresso.tools.win32_11.5.0.202107051138/tools/bin/../lib/gcc/arm-none-eabi/10.3.1/../../../../arm-none-eabi/lib/thumb/v6-m/nofp\libcr_c.a(_do_fflush.o)
 .ARM.attributes
                0x0000071c       0x1c d:/nxp/mcuxpressoide_11.5.0_7232/ide/plugins/com.nxp.mcuxpresso.tools.win32_11.5.0.202107051138/tools/bin/../lib/gcc/arm-none-eabi/10.3.1/thumb/v6-m/nofp\libcr_eabihelpers.a(division_32.o)
 .ARM.attributes
                0x00000738       0x1c d:/nxp/mcuxpressoide_11.5.0_7232/ide/plugins/com.nxp.mcuxpresso.tools.win32_11.5.0.202107051138/tools/bin/../lib/gcc/arm-none-eabi/10.3.1/thumb/v6-m/nofp\libcr_eabihelpers.a(division_idiv0.o)
 .ARM.attributes
                0x00000754       0x1c d:/nxp/mcuxpressoide_11.5.0_7232/ide/plugins/com.nxp.mcuxpresso.tools.win32_11.5.0.202107051138/tools/bin/../lib/gcc/arm-none-eabi/10.3.1/thumb/v6-m/nofp\libcr_eabihelpers.a(memcpy.o)
 .ARM.attributes
                0x00000770       0x2c d:/nxp/mcuxpressoide_11.5.0_7232/ide/plugins/com.nxp.mcuxpresso.tools.win32_11.5.0.202107051138/tools/bin/../lib/gcc/arm-none-eabi/10.3.1/../../../../arm-none-eabi/lib/thumb/v6-m/nofp\libcr_nohost_nf.a(__sys_close.o)
 .ARM.attributes
                0x0000079c       0x2c d:/nxp/mcuxpressoide_11.5.0_7232/ide/plugins/com.nxp.mcuxpresso.tools.win32_11.5.0.202107051138/tools/bin/../lib/gcc/arm-none-eabi/10.3.1/../../../../arm-none-eabi/lib/thumb/v6-m/nofp\libcr_nohost_nf.a(__sys_flen.o)
 .ARM.attributes
                0x000007c8       0x2c d:/nxp/mcuxpressoide_11.5.0_7232/ide/plugins/com.nxp.mcuxpresso.tools.win32_11.5.0.202107051138/tools/bin/../lib/gcc/arm-none-eabi/10.3.1/../../../../arm-none-eabi/lib/thumb/v6-m/nofp\libcr_nohost_nf.a(__sys_istty.o)
 .ARM.attributes
                0x000007f4       0x2c d:/nxp/mcuxpressoide_11.5.0_7232/ide/plugins/com.nxp.mcuxpresso.tools.win32_11.5.0.202107051138/tools/bin/../lib/gcc/arm-none-eabi/10.3.1/../../../../arm-none-eabi/lib/thumb/v6-m/nofp\libcr_nohost_nf.a(__sys_remove.o)
 .ARM.attributes
                0x00000820       0x2c d:/nxp/mcuxpressoide_11.5.0_7232/ide/plugins/com.nxp.mcuxpresso.tools.win32_11.5.0.202107051138/tools/bin/../lib/gcc/arm-none-eabi/10.3.1/../../../../arm-none-eabi/lib/thumb/v6-m/nofp\libcr_nohost_nf.a(__sys_seek.o)
 .ARM.attributes
                0x0000084c       0x2c d:/nxp/mcuxpressoide_11.5.0_7232/ide/plugins/com.nxp.mcuxpresso.tools.win32_11.5.0.202107051138/tools/bin/../lib/gcc/arm-none-eabi/10.3.1/../../../../arm-none-eabi/lib/thumb/v6-m/nofp\libcr_nohost_nf.a(__sys_tmpnam.o)
 .ARM.attributes
                0x00000878       0x2c d:/nxp/mcuxpressoide_11.5.0_7232/ide/plugins/com.nxp.mcuxpresso.tools.win32_11.5.0.202107051138/tools/bin/../lib/gcc/arm-none-eabi/10.3.1/../../../../arm-none-eabi/lib/thumb/v6-m/nofp\libcr_nohost_nf.a(__sys_write.o)

.debug_frame    0x00000000     0x15bc
 .debug_frame   0x00000000      0x1e0 ./utilities/fsl_debug_console.o
 .debug_frame   0x000001e0      0x3b0 ./startup/startup_mkl43z4.o
 .debug_frame   0x00000590       0x2c ./source/MEF.o
 .debug_frame   0x000005bc       0x2c ./source/TP3_FINAL_KL43.o
 .debug_frame   0x000005e8       0x20 ./source/semihost_hardfault.o
 .debug_frame   0x00000608      0x2e8 ./drivers/fsl_clock.o
 .debug_frame   0x000008f0      0x428 ./drivers/fsl_lpuart.o
 .debug_frame   0x00000d18       0x68 ./device/system_MKL43Z4.o
 .debug_frame   0x00000d80       0xf0 ./component/uart/lpuart_adapter.o
 .debug_frame   0x00000e70      0x210 ./component/serial_manager/serial_manager.o
 .debug_frame   0x00001080       0xd0 ./component/serial_manager/serial_port_uart.o
 .debug_frame   0x00001150       0xd4 ./board/IA_board_KL43.o
 .debug_frame   0x00001224       0x50 ./board/board.o
 .debug_frame   0x00001274      0x1a0 ./board/clock_config.o
 .debug_frame   0x00001414       0x2c ./board/peripherals.o
 .debug_frame   0x00001440      0x17c ./board/pin_mux.o

Cross Reference Table

Symbol                                            File
ADC0_DriverIRQHandler                             ./startup/startup_mkl43z4.o
ADC0_IRQHandler                                   ./startup/startup_mkl43z4.o
BOARD_BootClockRUN                                ./board/clock_config.o
BOARD_BootClockVLPR                               ./board/clock_config.o
BOARD_InitACCEL_I2CPins                           ./board/pin_mux.o
BOARD_InitBUTTONSPins                             ./board/pin_mux.o
BOARD_InitBootClocks                              ./board/clock_config.o
                                                  ./board/IA_board_KL43.o
BOARD_InitBootPeripherals                         ./board/peripherals.o
                                                  ./board/IA_board_KL43.o
BOARD_InitBootPins                                ./board/pin_mux.o
                                                  ./board/IA_board_KL43.o
BOARD_InitDEBUG_UARTPins                          ./board/pin_mux.o
BOARD_InitDebugConsole                            ./board/board.o
                                                  ./board/IA_board_KL43.o
BOARD_InitLCDPins                                 ./board/pin_mux.o
BOARD_InitLEDsPins                                ./board/pin_mux.o
BOARD_InitOSCPins                                 ./board/pin_mux.o
BOARD_InitPins                                    ./board/pin_mux.o
BOARD_InitUSBPins                                 ./board/pin_mux.o
CLOCK_DeinitOsc0                                  ./drivers/fsl_clock.o
CLOCK_EnableUsbfs0Clock                           ./drivers/fsl_clock.o
                                                  ./board/clock_config.o
CLOCK_GetBusClkFreq                               ./drivers/fsl_clock.o
CLOCK_GetCoreSysClkFreq                           ./drivers/fsl_clock.o
CLOCK_GetEr32kClkFreq                             ./drivers/fsl_clock.o
CLOCK_GetFlashClkFreq                             ./drivers/fsl_clock.o
CLOCK_GetFreq                                     ./drivers/fsl_clock.o
                                                  ./board/board.o
CLOCK_GetInternalRefClkFreq                       ./drivers/fsl_clock.o
CLOCK_GetMode                                     ./drivers/fsl_clock.o
CLOCK_GetOsc0ErClkFreq                            ./drivers/fsl_clock.o
CLOCK_GetOutClkFreq                               ./drivers/fsl_clock.o
CLOCK_GetPeriphClkFreq                            ./drivers/fsl_clock.o
CLOCK_GetPlatClkFreq                              ./drivers/fsl_clock.o
CLOCK_InitOsc0                                    ./drivers/fsl_clock.o
                                                  ./board/clock_config.o
CLOCK_SetMcgliteConfig                            ./drivers/fsl_clock.o
                                                  ./board/clock_config.o
CLOCK_SetSimConfig                                ./drivers/fsl_clock.o
                                                  ./board/clock_config.o
CMP0_DriverIRQHandler                             ./startup/startup_mkl43z4.o
CMP0_IRQHandler                                   ./startup/startup_mkl43z4.o
DAC0_DriverIRQHandler                             ./startup/startup_mkl43z4.o
DAC0_IRQHandler                                   ./startup/startup_mkl43z4.o
DMA0_DriverIRQHandler                             ./startup/startup_mkl43z4.o
DMA0_IRQHandler                                   ./startup/startup_mkl43z4.o
DMA1_DriverIRQHandler                             ./startup/startup_mkl43z4.o
DMA1_IRQHandler                                   ./startup/startup_mkl43z4.o
DMA2_DriverIRQHandler                             ./startup/startup_mkl43z4.o
DMA2_IRQHandler                                   ./startup/startup_mkl43z4.o
DMA3_DriverIRQHandler                             ./startup/startup_mkl43z4.o
DMA3_IRQHandler                                   ./startup/startup_mkl43z4.o
DbgConsole_BlockingPrintf                         ./utilities/fsl_debug_console.o
DbgConsole_Deinit                                 ./utilities/fsl_debug_console.o
DbgConsole_Flush                                  ./utilities/fsl_debug_console.o
DbgConsole_Getchar                                ./utilities/fsl_debug_console.o
DbgConsole_Init                                   ./utilities/fsl_debug_console.o
                                                  ./board/board.o
DbgConsole_Printf                                 ./utilities/fsl_debug_console.o
DbgConsole_Putchar                                ./utilities/fsl_debug_console.o
DbgConsole_ReadCharacter                          ./utilities/fsl_debug_console.o
DbgConsole_ReadLine                               ./utilities/fsl_debug_console.o
DbgConsole_ReadOneCharacter                       ./utilities/fsl_debug_console.o
DbgConsole_Scanf                                  ./utilities/fsl_debug_console.o
DbgConsole_SendData                               ./utilities/fsl_debug_console.o
DbgConsole_SendDataReliable                       ./utilities/fsl_debug_console.o
FGPIO_PinInit                                     ./drivers/fsl_gpio.o
FGPIO_PortClearInterruptFlags                     ./drivers/fsl_gpio.o
FGPIO_PortGetInterruptFlags                       ./drivers/fsl_gpio.o
FTFA_DriverIRQHandler                             ./startup/startup_mkl43z4.o
FTFA_IRQHandler                                   ./startup/startup_mkl43z4.o
Flash_Config                                      ./startup/startup_mkl43z4.o
GPIO_PinInit                                      ./drivers/fsl_gpio.o
                                                  ./board/pin_mux.o
GPIO_PortClearInterruptFlags                      ./drivers/fsl_gpio.o
GPIO_PortGetInterruptFlags                        ./drivers/fsl_gpio.o
HAL_UartDeinit                                    ./component/uart/lpuart_adapter.o
                                                  ./component/serial_manager/serial_port_uart.o
HAL_UartEnterLowpower                             ./component/uart/lpuart_adapter.o
                                                  ./component/serial_manager/serial_port_uart.o
HAL_UartExitLowpower                              ./component/uart/lpuart_adapter.o
                                                  ./component/serial_manager/serial_port_uart.o
HAL_UartInit                                      ./component/uart/lpuart_adapter.o
                                                  ./component/serial_manager/serial_port_uart.o
HAL_UartReceiveBlocking                           ./component/uart/lpuart_adapter.o
                                                  ./component/serial_manager/serial_port_uart.o
HAL_UartSendBlocking                              ./component/uart/lpuart_adapter.o
                                                  ./component/serial_manager/serial_port_uart.o
HardFault_Handler                                 ./source/semihost_hardfault.o
                                                  ./startup/startup_mkl43z4.o
I2C0_DriverIRQHandler                             ./startup/startup_mkl43z4.o
I2C0_IRQHandler                                   ./startup/startup_mkl43z4.o
I2C1_DriverIRQHandler                             ./startup/startup_mkl43z4.o
I2C1_IRQHandler                                   ./startup/startup_mkl43z4.o
I2S0_DriverIRQHandler                             ./startup/startup_mkl43z4.o
I2S0_IRQHandler                                   ./startup/startup_mkl43z4.o
IntDefaultHandler                                 ./startup/startup_mkl43z4.o
LCD_DriverIRQHandler                              ./startup/startup_mkl43z4.o
LCD_IRQHandler                                    ./startup/startup_mkl43z4.o
LIST_AddHead                                      ./component/lists/generic_list.o
LIST_AddPrevElement                               ./component/lists/generic_list.o
LIST_AddTail                                      ./component/lists/generic_list.o
LIST_GetAvailableSize                             ./component/lists/generic_list.o
LIST_GetHead                                      ./component/lists/generic_list.o
LIST_GetList                                      ./component/lists/generic_list.o
LIST_GetNext                                      ./component/lists/generic_list.o
LIST_GetPrev                                      ./component/lists/generic_list.o
LIST_GetSize                                      ./component/lists/generic_list.o
LIST_Init                                         ./component/lists/generic_list.o
LIST_RemoveElement                                ./component/lists/generic_list.o
LIST_RemoveHead                                   ./component/lists/generic_list.o
LLWU_DriverIRQHandler                             ./startup/startup_mkl43z4.o
LLWU_IRQHandler                                   ./startup/startup_mkl43z4.o
LPTMR0_DriverIRQHandler                           ./startup/startup_mkl43z4.o
LPTMR0_IRQHandler                                 ./startup/startup_mkl43z4.o
LPUART0_DriverIRQHandler                          ./drivers/fsl_lpuart.o
                                                  ./startup/startup_mkl43z4.o
LPUART0_IRQHandler                                ./startup/startup_mkl43z4.o
LPUART1_DriverIRQHandler                          ./drivers/fsl_lpuart.o
                                                  ./startup/startup_mkl43z4.o
LPUART1_IRQHandler                                ./startup/startup_mkl43z4.o
LPUART_ClearStatusFlags                           ./drivers/fsl_lpuart.o
LPUART_Deinit                                     ./drivers/fsl_lpuart.o
                                                  ./component/uart/lpuart_adapter.o
LPUART_DisableInterrupts                          ./drivers/fsl_lpuart.o
LPUART_EnableInterrupts                           ./drivers/fsl_lpuart.o
LPUART_GetDefaultConfig                           ./drivers/fsl_lpuart.o
                                                  ./component/uart/lpuart_adapter.o
LPUART_GetEnabledInterrupts                       ./drivers/fsl_lpuart.o
LPUART_GetInstance                                ./drivers/fsl_lpuart.o
LPUART_GetStatusFlags                             ./drivers/fsl_lpuart.o
LPUART_Init                                       ./drivers/fsl_lpuart.o
                                                  ./component/uart/lpuart_adapter.o
LPUART_ReadBlocking                               ./drivers/fsl_lpuart.o
                                                  ./component/uart/lpuart_adapter.o
LPUART_SetBaudRate                                ./drivers/fsl_lpuart.o
LPUART_TransferAbortReceive                       ./drivers/fsl_lpuart.o
LPUART_TransferAbortSend                          ./drivers/fsl_lpuart.o
LPUART_TransferCreateHandle                       ./drivers/fsl_lpuart.o
LPUART_TransferGetReceiveCount                    ./drivers/fsl_lpuart.o
LPUART_TransferGetRxRingBufferLength              ./drivers/fsl_lpuart.o
LPUART_TransferGetSendCount                       ./drivers/fsl_lpuart.o
LPUART_TransferHandleErrorIRQ                     ./drivers/fsl_lpuart.o
LPUART_TransferHandleIRQ                          ./drivers/fsl_lpuart.o
LPUART_TransferReceiveNonBlocking                 ./drivers/fsl_lpuart.o
LPUART_TransferSendNonBlocking                    ./drivers/fsl_lpuart.o
LPUART_TransferStartRingBuffer                    ./drivers/fsl_lpuart.o
LPUART_TransferStopRingBuffer                     ./drivers/fsl_lpuart.o
LPUART_WriteBlocking                              ./drivers/fsl_lpuart.o
                                                  ./component/uart/lpuart_adapter.o
NMI_Handler                                       ./startup/startup_mkl43z4.o
PIT_DriverIRQHandler                              ./startup/startup_mkl43z4.o
PIT_IRQHandler                                    ./startup/startup_mkl43z4.o
PMC_DriverIRQHandler                              ./startup/startup_mkl43z4.o
PMC_IRQHandler                                    ./startup/startup_mkl43z4.o
PORTA_DriverIRQHandler                            ./startup/startup_mkl43z4.o
PORTA_IRQHandler                                  ./startup/startup_mkl43z4.o
PORTC_PORTD_DriverIRQHandler                      ./startup/startup_mkl43z4.o
PORTC_PORTD_IRQHandler                            ./startup/startup_mkl43z4.o
PendSV_Handler                                    ./startup/startup_mkl43z4.o
RTC_DriverIRQHandler                              ./startup/startup_mkl43z4.o
RTC_IRQHandler                                    ./startup/startup_mkl43z4.o
RTC_Seconds_DriverIRQHandler                      ./startup/startup_mkl43z4.o
RTC_Seconds_IRQHandler                            ./startup/startup_mkl43z4.o
Reserved20_DriverIRQHandler                       ./startup/startup_mkl43z4.o
Reserved20_IRQHandler                             ./startup/startup_mkl43z4.o
Reserved42_DriverIRQHandler                       ./startup/startup_mkl43z4.o
Reserved42_IRQHandler                             ./startup/startup_mkl43z4.o
Reserved43_DriverIRQHandler                       ./startup/startup_mkl43z4.o
Reserved43_IRQHandler                             ./startup/startup_mkl43z4.o
ResetISR                                          ./startup/startup_mkl43z4.o
SDK_DelayAtLeastUs                                ./drivers/fsl_common.o
SDK_Free                                          ./drivers/fsl_common.o
SDK_Malloc                                        ./drivers/fsl_common.o
SMC_PostExitStopModes                             ./drivers/fsl_smc.o
SMC_PostExitWaitModes                             ./drivers/fsl_smc.o
SMC_PreEnterStopModes                             ./drivers/fsl_smc.o
SMC_PreEnterWaitModes                             ./drivers/fsl_smc.o
SMC_SetPowerModeLls                               ./drivers/fsl_smc.o
SMC_SetPowerModeRun                               ./drivers/fsl_smc.o
SMC_SetPowerModeStop                              ./drivers/fsl_smc.o
SMC_SetPowerModeVlls                              ./drivers/fsl_smc.o
SMC_SetPowerModeVlpr                              ./drivers/fsl_smc.o
                                                  ./board/clock_config.o
SMC_SetPowerModeVlps                              ./drivers/fsl_smc.o
SMC_SetPowerModeVlpw                              ./drivers/fsl_smc.o
SMC_SetPowerModeWait                              ./drivers/fsl_smc.o
SPI0_DriverIRQHandler                             ./startup/startup_mkl43z4.o
SPI0_IRQHandler                                   ./startup/startup_mkl43z4.o
SPI1_DriverIRQHandler                             ./startup/startup_mkl43z4.o
SPI1_IRQHandler                                   ./startup/startup_mkl43z4.o
SVC_Handler                                       ./startup/startup_mkl43z4.o
SerialManager_CloseReadHandle                     ./component/serial_manager/serial_manager.o
                                                  ./utilities/fsl_debug_console.o
SerialManager_CloseWriteHandle                    ./component/serial_manager/serial_manager.o
                                                  ./utilities/fsl_debug_console.o
SerialManager_Deinit                              ./component/serial_manager/serial_manager.o
                                                  ./utilities/fsl_debug_console.o
SerialManager_EnterLowpower                       ./component/serial_manager/serial_manager.o
SerialManager_ExitLowpower                        ./component/serial_manager/serial_manager.o
SerialManager_Init                                ./component/serial_manager/serial_manager.o
                                                  ./utilities/fsl_debug_console.o
SerialManager_OpenReadHandle                      ./component/serial_manager/serial_manager.o
                                                  ./utilities/fsl_debug_console.o
SerialManager_OpenWriteHandle                     ./component/serial_manager/serial_manager.o
                                                  ./utilities/fsl_debug_console.o
SerialManager_ReadBlocking                        ./component/serial_manager/serial_manager.o
                                                  ./utilities/fsl_debug_console.o
SerialManager_WriteBlocking                       ./component/serial_manager/serial_manager.o
                                                  ./utilities/fsl_debug_console.o
Serial_UartDeinit                                 ./component/serial_manager/serial_port_uart.o
                                                  ./component/serial_manager/serial_manager.o
Serial_UartEnterLowpower                          ./component/serial_manager/serial_port_uart.o
                                                  ./component/serial_manager/serial_manager.o
Serial_UartExitLowpower                           ./component/serial_manager/serial_port_uart.o
                                                  ./component/serial_manager/serial_manager.o
Serial_UartInit                                   ./component/serial_manager/serial_port_uart.o
                                                  ./component/serial_manager/serial_manager.o
Serial_UartRead                                   ./component/serial_manager/serial_port_uart.o
                                                  ./component/serial_manager/serial_manager.o
Serial_UartWrite                                  ./component/serial_manager/serial_port_uart.o
                                                  ./component/serial_manager/serial_manager.o
StrFormatPrintf                                   ./utilities/fsl_str.o
                                                  ./utilities/fsl_debug_console.o
StrFormatScanf                                    ./utilities/fsl_str.o
                                                  ./utilities/fsl_debug_console.o
SysTick_Handler                                   ./startup/startup_mkl43z4.o
SystemCoreClock                                   ./device/system_MKL43Z4.o
                                                  ./board/clock_config.o
SystemCoreClockUpdate                             ./device/system_MKL43Z4.o
SystemInit                                        ./device/system_MKL43Z4.o
                                                  ./startup/startup_mkl43z4.o
SystemInitHook                                    ./device/system_MKL43Z4.o
TPM0_DriverIRQHandler                             ./startup/startup_mkl43z4.o
TPM0_IRQHandler                                   ./startup/startup_mkl43z4.o
TPM1_DriverIRQHandler                             ./startup/startup_mkl43z4.o
TPM1_IRQHandler                                   ./startup/startup_mkl43z4.o
TPM2_DriverIRQHandler                             ./startup/startup_mkl43z4.o
TPM2_IRQHandler                                   ./startup/startup_mkl43z4.o
UART2_FLEXIO_DriverIRQHandler                     ./startup/startup_mkl43z4.o
UART2_FLEXIO_IRQHandler                           ./startup/startup_mkl43z4.o
USB0_DriverIRQHandler                             ./startup/startup_mkl43z4.o
USB0_IRQHandler                                   ./startup/startup_mkl43z4.o
_Csys_alloc                                       d:/nxp/mcuxpressoide_11.5.0_7232/ide/plugins/com.nxp.mcuxpresso.tools.win32_11.5.0.202107051138/tools/bin/../lib/gcc/arm-none-eabi/10.3.1/../../../../arm-none-eabi/lib/thumb/v6-m/nofp\libcr_c.a(alloc.o)
                                                  d:/nxp/mcuxpressoide_11.5.0_7232/ide/plugins/com.nxp.mcuxpresso.tools.win32_11.5.0.202107051138/tools/bin/../lib/gcc/arm-none-eabi/10.3.1/../../../../arm-none-eabi/lib/thumb/v6-m/nofp\libcr_c.a(__fillbuf.o)
                                                  d:/nxp/mcuxpressoide_11.5.0_7232/ide/plugins/com.nxp.mcuxpresso.tools.win32_11.5.0.202107051138/tools/bin/../lib/gcc/arm-none-eabi/10.3.1/../../../../arm-none-eabi/lib/thumb/v6-m/nofp\libcr_c.a(_deferredlazyseek.o)
_Csys_read_                                       d:/nxp/mcuxpressoide_11.5.0_7232/ide/plugins/com.nxp.mcuxpresso.tools.win32_11.5.0.202107051138/tools/bin/../lib/gcc/arm-none-eabi/10.3.1/../../../../arm-none-eabi/lib/thumb/v6-m/nofp\libcr_c.a(__fillbuf.o)
_Cwritebuf                                        d:/nxp/mcuxpressoide_11.5.0_7232/ide/plugins/com.nxp.mcuxpresso.tools.win32_11.5.0.202107051138/tools/bin/../lib/gcc/arm-none-eabi/10.3.1/../../../../arm-none-eabi/lib/thumb/v6-m/nofp\libcr_c.a(_writebuf.o)
                                                  d:/nxp/mcuxpressoide_11.5.0_7232/ide/plugins/com.nxp.mcuxpresso.tools.win32_11.5.0.202107051138/tools/bin/../lib/gcc/arm-none-eabi/10.3.1/../../../../arm-none-eabi/lib/thumb/v6-m/nofp\libcr_c.a(_fflush.o)
                                                  d:/nxp/mcuxpressoide_11.5.0_7232/ide/plugins/com.nxp.mcuxpresso.tools.win32_11.5.0.202107051138/tools/bin/../lib/gcc/arm-none-eabi/10.3.1/../../../../arm-none-eabi/lib/thumb/v6-m/nofp\libcr_c.a(_deferredlazyseek.o)
__Ciob                                            d:/nxp/mcuxpressoide_11.5.0_7232/ide/plugins/com.nxp.mcuxpresso.tools.win32_11.5.0.202107051138/tools/bin/../lib/gcc/arm-none-eabi/10.3.1/../../../../arm-none-eabi/lib/thumb/v6-m/nofp\libcr_nohost_nf.a(__ciob.o)
                                                  d:/nxp/mcuxpressoide_11.5.0_7232/ide/plugins/com.nxp.mcuxpresso.tools.win32_11.5.0.202107051138/tools/bin/../lib/gcc/arm-none-eabi/10.3.1/../../../../arm-none-eabi/lib/thumb/v6-m/nofp\libcr_c.a(fflush.o)
                                                  d:/nxp/mcuxpressoide_11.5.0_7232/ide/plugins/com.nxp.mcuxpresso.tools.win32_11.5.0.202107051138/tools/bin/../lib/gcc/arm-none-eabi/10.3.1/../../../../arm-none-eabi/lib/thumb/v6-m/nofp\libcr_c.a(scanf.o)
                                                  d:/nxp/mcuxpressoide_11.5.0_7232/ide/plugins/com.nxp.mcuxpresso.tools.win32_11.5.0.202107051138/tools/bin/../lib/gcc/arm-none-eabi/10.3.1/../../../../arm-none-eabi/lib/thumb/v6-m/nofp\libcr_c.a(initio.o)
                                                  d:/nxp/mcuxpressoide_11.5.0_7232/ide/plugins/com.nxp.mcuxpresso.tools.win32_11.5.0.202107051138/tools/bin/../lib/gcc/arm-none-eabi/10.3.1/../../../../arm-none-eabi/lib/thumb/v6-m/nofp\libcr_nohost_nf.a(_cr_assert.o)
__Vectors                                         ./startup/startup_mkl43z4.o
__aeabi_cdcmpeq                                   d:/nxp/mcuxpressoide_11.5.0_7232/ide/plugins/com.nxp.mcuxpresso.tools.win32_11.5.0.202107051138/tools/bin/../lib/gcc/arm-none-eabi/10.3.1/thumb/v6-m/nofp\libcr_eabihelpers.a(double.o)
__aeabi_cdcmple                                   d:/nxp/mcuxpressoide_11.5.0_7232/ide/plugins/com.nxp.mcuxpresso.tools.win32_11.5.0.202107051138/tools/bin/../lib/gcc/arm-none-eabi/10.3.1/thumb/v6-m/nofp\libcr_eabihelpers.a(double.o)
__aeabi_cdrcmple                                  d:/nxp/mcuxpressoide_11.5.0_7232/ide/plugins/com.nxp.mcuxpresso.tools.win32_11.5.0.202107051138/tools/bin/../lib/gcc/arm-none-eabi/10.3.1/thumb/v6-m/nofp\libcr_eabihelpers.a(double.o)
__aeabi_d2f                                       d:/nxp/mcuxpressoide_11.5.0_7232/ide/plugins/com.nxp.mcuxpresso.tools.win32_11.5.0.202107051138/tools/bin/../lib/gcc/arm-none-eabi/10.3.1/thumb/v6-m/nofp\libcr_eabihelpers.a(double.o)
                                                  d:/nxp/mcuxpressoide_11.5.0_7232/ide/plugins/com.nxp.mcuxpresso.tools.win32_11.5.0.202107051138/tools/bin/../lib/gcc/arm-none-eabi/10.3.1/../../../../arm-none-eabi/lib/thumb/v6-m/nofp\libcr_c.a(scanf.o)
__aeabi_d2iz                                      d:/nxp/mcuxpressoide_11.5.0_7232/ide/plugins/com.nxp.mcuxpresso.tools.win32_11.5.0.202107051138/tools/bin/../lib/gcc/arm-none-eabi/10.3.1/thumb/v6-m/nofp\libcr_eabihelpers.a(double.o)
__aeabi_d2lz                                      d:/nxp/mcuxpressoide_11.5.0_7232/ide/plugins/com.nxp.mcuxpresso.tools.win32_11.5.0.202107051138/tools/bin/../lib/gcc/arm-none-eabi/10.3.1/thumb/v6-m/nofp\libcr_eabihelpers.a(double.o)
__aeabi_d2uiz                                     d:/nxp/mcuxpressoide_11.5.0_7232/ide/plugins/com.nxp.mcuxpresso.tools.win32_11.5.0.202107051138/tools/bin/../lib/gcc/arm-none-eabi/10.3.1/thumb/v6-m/nofp\libcr_eabihelpers.a(double.o)